Archive member included to satisfy reference by file (symbol)

D:/STM32CubeIDE/STM32CubeIDE_2.2.0/STM32CubeIDE/plugins/com.st.stm32cube.ide.mcu.externaltools.gnu-tools-for-stm32.14.3.rel1.win32_1.0.100.202602081740/tools/bin/../lib/gcc/arm-none-eabi/14.3.1/../../../../arm-none-eabi/lib/thumb/v7e-m+fp/hard\libc_nano.a(libc_a-calloc.o)
                              ./Core/Src/main.o (calloc)
D:/STM32CubeIDE/STM32CubeIDE_2.2.0/STM32CubeIDE/plugins/com.st.stm32cube.ide.mcu.externaltools.gnu-tools-for-stm32.14.3.rel1.win32_1.0.100.202602081740/tools/bin/../lib/gcc/arm-none-eabi/14.3.1/../../../../arm-none-eabi/lib/thumb/v7e-m+fp/hard\libc_nano.a(libc_a-callocr.o)
                              D:/STM32CubeIDE/STM32CubeIDE_2.2.0/STM32CubeIDE/plugins/com.st.stm32cube.ide.mcu.externaltools.gnu-tools-for-stm32.14.3.rel1.win32_1.0.100.202602081740/tools/bin/../lib/gcc/arm-none-eabi/14.3.1/../../../../arm-none-eabi/lib/thumb/v7e-m+fp/hard\libc_nano.a(libc_a-calloc.o) (_calloc_r)
D:/STM32CubeIDE/STM32CubeIDE_2.2.0/STM32CubeIDE/plugins/com.st.stm32cube.ide.mcu.externaltools.gnu-tools-for-stm32.14.3.rel1.win32_1.0.100.202602081740/tools/bin/../lib/gcc/arm-none-eabi/14.3.1/../../../../arm-none-eabi/lib/thumb/v7e-m+fp/hard\libc_nano.a(libc_a-exit.o)
                              D:/STM32CubeIDE/STM32CubeIDE_2.2.0/STM32CubeIDE/plugins/com.st.stm32cube.ide.mcu.externaltools.gnu-tools-for-stm32.14.3.rel1.win32_1.0.100.202602081740/tools/bin/../lib/gcc/arm-none-eabi/14.3.1/../../../../arm-none-eabi/lib/thumb/v7e-m+fp/hard/crt0.o (exit)
D:/STM32CubeIDE/STM32CubeIDE_2.2.0/STM32CubeIDE/plugins/com.st.stm32cube.ide.mcu.externaltools.gnu-tools-for-stm32.14.3.rel1.win32_1.0.100.202602081740/tools/bin/../lib/gcc/arm-none-eabi/14.3.1/../../../../arm-none-eabi/lib/thumb/v7e-m+fp/hard\libc_nano.a(libc_a-mallocr.o)
                              D:/STM32CubeIDE/STM32CubeIDE_2.2.0/STM32CubeIDE/plugins/com.st.stm32cube.ide.mcu.externaltools.gnu-tools-for-stm32.14.3.rel1.win32_1.0.100.202602081740/tools/bin/../lib/gcc/arm-none-eabi/14.3.1/../../../../arm-none-eabi/lib/thumb/v7e-m+fp/hard\libc_nano.a(libc_a-callocr.o) (_malloc_r)
D:/STM32CubeIDE/STM32CubeIDE_2.2.0/STM32CubeIDE/plugins/com.st.stm32cube.ide.mcu.externaltools.gnu-tools-for-stm32.14.3.rel1.win32_1.0.100.202602081740/tools/bin/../lib/gcc/arm-none-eabi/14.3.1/../../../../arm-none-eabi/lib/thumb/v7e-m+fp/hard\libc_nano.a(libc_a-mlock.o)
                              D:/STM32CubeIDE/STM32CubeIDE_2.2.0/STM32CubeIDE/plugins/com.st.stm32cube.ide.mcu.externaltools.gnu-tools-for-stm32.14.3.rel1.win32_1.0.100.202602081740/tools/bin/../lib/gcc/arm-none-eabi/14.3.1/../../../../arm-none-eabi/lib/thumb/v7e-m+fp/hard\libc_nano.a(libc_a-mallocr.o) (__malloc_lock)
D:/STM32CubeIDE/STM32CubeIDE_2.2.0/STM32CubeIDE/plugins/com.st.stm32cube.ide.mcu.externaltools.gnu-tools-for-stm32.14.3.rel1.win32_1.0.100.202602081740/tools/bin/../lib/gcc/arm-none-eabi/14.3.1/../../../../arm-none-eabi/lib/thumb/v7e-m+fp/hard\libc_nano.a(libc_a-findfp.o)
                              D:/STM32CubeIDE/STM32CubeIDE_2.2.0/STM32CubeIDE/plugins/com.st.stm32cube.ide.mcu.externaltools.gnu-tools-for-stm32.14.3.rel1.win32_1.0.100.202602081740/tools/bin/../lib/gcc/arm-none-eabi/14.3.1/../../../../arm-none-eabi/lib/thumb/v7e-m+fp/hard\libc_nano.a(libc_a-exit.o) (__stdio_exit_handler)
D:/STM32CubeIDE/STM32CubeIDE_2.2.0/STM32CubeIDE/plugins/com.st.stm32cube.ide.mcu.externaltools.gnu-tools-for-stm32.14.3.rel1.win32_1.0.100.202602081740/tools/bin/../lib/gcc/arm-none-eabi/14.3.1/../../../../arm-none-eabi/lib/thumb/v7e-m+fp/hard\libc_nano.a(libc_a-fwalk.o)
                              D:/STM32CubeIDE/STM32CubeIDE_2.2.0/STM32CubeIDE/plugins/com.st.stm32cube.ide.mcu.externaltools.gnu-tools-for-stm32.14.3.rel1.win32_1.0.100.202602081740/tools/bin/../lib/gcc/arm-none-eabi/14.3.1/../../../../arm-none-eabi/lib/thumb/v7e-m+fp/hard\libc_nano.a(libc_a-findfp.o) (_fwalk_sglue)
D:/STM32CubeIDE/STM32CubeIDE_2.2.0/STM32CubeIDE/plugins/com.st.stm32cube.ide.mcu.externaltools.gnu-tools-for-stm32.14.3.rel1.win32_1.0.100.202602081740/tools/bin/../lib/gcc/arm-none-eabi/14.3.1/../../../../arm-none-eabi/lib/thumb/v7e-m+fp/hard\libc_nano.a(libc_a-stdio.o)
                              D:/STM32CubeIDE/STM32CubeIDE_2.2.0/STM32CubeIDE/plugins/com.st.stm32cube.ide.mcu.externaltools.gnu-tools-for-stm32.14.3.rel1.win32_1.0.100.202602081740/tools/bin/../lib/gcc/arm-none-eabi/14.3.1/../../../../arm-none-eabi/lib/thumb/v7e-m+fp/hard\libc_nano.a(libc_a-findfp.o) (__sread)
D:/STM32CubeIDE/STM32CubeIDE_2.2.0/STM32CubeIDE/plugins/com.st.stm32cube.ide.mcu.externaltools.gnu-tools-for-stm32.14.3.rel1.win32_1.0.100.202602081740/tools/bin/../lib/gcc/arm-none-eabi/14.3.1/../../../../arm-none-eabi/lib/thumb/v7e-m+fp/hard\libc_nano.a(libc_a-memset.o)
[...]
Memory Configuration

Name             Origin             Length             Attributes
RAM              0x20000000         0x00008000         xrw
RAM2             0x10000000         0x00002000         xrw
FLASH            0x08000000         0x00020000         xr
*default*        0x00000000         0xffffffff

Linker script and memory map

LOAD D:/STM32CubeIDE/STM32CubeIDE_2.2.0/STM32CubeIDE/plugins/com.st.stm32cube.ide.mcu.externaltools.gnu-tools-for-stm32.14.3.rel1.win32_1.0.100.202602081740/tools/bin/../lib/gcc/arm-none-eabi/14.3.1/thumb/v7e-m+fp/hard/crti.o
LOAD D:/STM32CubeIDE/STM32CubeIDE_2.2.0/STM32CubeIDE/plugins/com.st.stm32cube.ide.mcu.externaltools.gnu-tools-for-stm32.14.3.rel1.win32_1.0.100.202602081740/tools/bin/../lib/gcc/arm-none-eabi/14.3.1/thumb/v7e-m+fp/hard/crtbegin.o
LOAD D:/STM32CubeIDE/STM32CubeIDE_2.2.0/STM32CubeIDE/plugins/com.st.stm32cube.ide.mcu.externaltools.gnu-tools-for-stm32.14.3.rel1.win32_1.0.100.202602081740/tools/bin/../lib/gcc/arm-none-eabi/14.3.1/../../../../arm-none-eabi/lib/thumb/v7e-m+fp/hard/crt0.o
LOAD ./Core/Src/bma400.o
LOAD ./Core/Src/led_matrix.o
LOAD ./Core/Src/main.o
LOAD ./Core/Src/stm32l4xx_hal_msp.o
LOAD ./Core/Src/stm32l4xx_it.o
LOAD ./Core/Src/syscalls.o
LOAD ./Core/Src/sysmem.o
LOAD ./Core/Src/system_stm32l4xx.o
LOAD ./Core/Startup/startup_stm32l412cbtx.o
LOAD ./Drivers/STM32L4xx_HAL_Driver/Src/stm32l4xx_hal.o
LOAD ./Drivers/STM32L4xx_HAL_Driver/Src/stm32l4xx_hal_cortex.o
LOAD ./Drivers/STM32L4xx_HAL_Driver/Src/stm32l4xx_hal_crc.o
LOAD ./Drivers/STM32L4xx_HAL_Driver/Src/stm32l4xx_hal_crc_ex.o
LOAD ./Drivers/STM32L4xx_HAL_Driver/Src/stm32l4xx_hal_dma.o
LOAD ./Drivers/STM32L4xx_HAL_Driver/Src/stm32l4xx_hal_dma_ex.o
LOAD ./Drivers/STM32L4xx_HAL_Driver/Src/stm32l4xx_hal_exti.o
LOAD ./Drivers/STM32L4xx_HAL_Driver/Src/stm32l4xx_hal_flash.o
LOAD ./Drivers/STM32L4xx_HAL_Driver/Src/stm32l4xx_hal_flash_ex.o
LOAD ./Drivers/STM32L4xx_HAL_Driver/Src/stm32l4xx_hal_flash_ramfunc.o
LOAD ./Drivers/STM32L4xx_HAL_Driver/Src/stm32l4xx_hal_gpio.o
LOAD ./Drivers/STM32L4xx_HAL_Driver/Src/stm32l4xx_hal_i2c.o
LOAD ./Drivers/STM32L4xx_HAL_Driver/Src/stm32l4xx_hal_i2c_ex.o
LOAD ./Drivers/STM32L4xx_HAL_Driver/Src/stm32l4xx_hal_pwr.o
LOAD ./Drivers/STM32L4xx_HAL_Driver/Src/stm32l4xx_hal_pwr_ex.o
LOAD ./Drivers/STM32L4xx_HAL_Driver/Src/stm32l4xx_hal_rcc.o
LOAD ./Drivers/STM32L4xx_HAL_Driver/Src/stm32l4xx_hal_rcc_ex.o
LOAD ./Drivers/STM32L4xx_HAL_Driver/Src/stm32l4xx_hal_rng.o
LOAD ./Drivers/STM32L4xx_HAL_Driver/Src/stm32l4xx_hal_spi.o
LOAD ./Drivers/STM32L4xx_HAL_Driver/Src/stm32l4xx_hal_spi_ex.o
START GROUP
LOAD D:/STM32CubeIDE/STM32CubeIDE_2.2.0/STM32CubeIDE/plugins/com.st.stm32cube.ide.mcu.externaltools.gnu-tools-for-stm32.14.3.rel1.win32_1.0.100.202602081740/tools/bin/../lib/gcc/arm-none-eabi/14.3.1/../../../../arm-none-eabi/lib/thumb/v7e-m+fp/hard\libc_nano.a
LOAD D:/STM32CubeIDE/STM32CubeIDE_2.2.0/STM32CubeIDE/plugins/com.st.stm32cube.ide.mcu.externaltools.gnu-tools-for-stm32.14.3.rel1.win32_1.0.100.202602081740/tools/bin/../lib/gcc/arm-none-eabi/14.3.1/../../../../arm-none-eabi/lib/thumb/v7e-m+fp/hard\libm.a
END GROUP
START GROUP
LOAD D:/STM32CubeIDE/STM32CubeIDE_2.2.0/STM32CubeIDE/plugins/com.st.stm32cube.ide.mcu.externaltools.gnu-tools-for-stm32.14.3.rel1.win32_1.0.100.202602081740/tools/bin/../lib/gcc/arm-none-eabi/14.3.1/thumb/v7e-m+fp/hard\libgcc.a
LOAD D:/STM32CubeIDE/STM32CubeIDE_2.2.0/STM32CubeIDE/plugins/com.st.stm32cube.ide.mcu.externaltools.gnu-tools-for-stm32.14.3.rel1.win32_1.0.100.202602081740/tools/bin/../lib/gcc/arm-none-eabi/14.3.1/../../../../arm-none-eabi/lib/thumb/v7e-m+fp/hard\libc_nano.a
END GROUP
START GROUP
LOAD D:/STM32CubeIDE/STM32CubeIDE_2.2.0/STM32CubeIDE/plugins/com.st.stm32cube.ide.mcu.externaltools.gnu-tools-for-stm32.14.3.rel1.win32_1.0.100.202602081740/tools/bin/../lib/gcc/arm-none-eabi/14.3.1/thumb/v7e-m+fp/hard\libgcc.a
LOAD D:/STM32CubeIDE/STM32CubeIDE_2.2.0/STM32CubeIDE/plugins/com.st.stm32cube.ide.mcu.externaltools.gnu-tools-for-stm32.14.3.rel1.win32_1.0.100.202602081740/tools/bin/../lib/gcc/arm-none-eabi/14.3.1/../../../../arm-none-eabi/lib/thumb/v7e-m+fp/hard\libc_nano.a
LOAD D:/STM32CubeIDE/STM32CubeIDE_2.2.0/STM32CubeIDE/plugins/com.st.stm32cube.ide.mcu.externaltools.gnu-tools-for-stm32.14.3.rel1.win32_1.0.100.202602081740/tools/bin/../lib/gcc/arm-none-eabi/14.3.1/../../../../arm-none-eabi/lib/thumb/v7e-m+fp/hard\libnosys.a
END GROUP
START GROUP
LOAD D:/STM32CubeIDE/STM32CubeIDE_2.2.0/STM32CubeIDE/plugins/com.st.stm32cube.ide.mcu.externaltools.gnu-tools-for-stm32.14.3.rel1.win32_1.0.100.202602081740/tools/bin/../lib/gcc/arm-none-eabi/14.3.1/thumb/v7e-m+fp/hard\libgcc.a
LOAD D:/STM32CubeIDE/STM32CubeIDE_2.2.0/STM32CubeIDE/plugins/com.st.stm32cube.ide.mcu.externaltools.gnu-tools-for-stm32.14.3.rel1.win32_1.0.100.202602081740/tools/bin/../lib/gcc/arm-none-eabi/14.3.1/../../../../arm-none-eabi/lib/thumb/v7e-m+fp/hard\libc_nano.a
LOAD D:/STM32CubeIDE/STM32CubeIDE_2.2.0/STM32CubeIDE/plugins/com.st.stm32cube.ide.mcu.externaltools.gnu-tools-for-stm32.14.3.rel1.win32_1.0.100.202602081740/tools/bin/../lib/gcc/arm-none-eabi/14.3.1/../../../../arm-none-eabi/lib/thumb/v7e-m+fp/hard\libnosys.a
END GROUP
LOAD D:/STM32CubeIDE/STM32CubeIDE_2.2.0/STM32CubeIDE/plugins/com.st.stm32cube.ide.mcu.externaltools.gnu-tools-for-stm32.14.3.rel1.win32_1.0.100.202602081740/tools/bin/../lib/gcc/arm-none-eabi/14.3.1/thumb/v7e-m+fp/hard/crtend.o
LOAD D:/STM32CubeIDE/STM32CubeIDE_2.2.0/STM32CubeIDE/plugins/com.st.stm32cube.ide.mcu.externaltools.gnu-tools-for-stm32.14.3.rel1.win32_1.0.100.202602081740/tools/bin/../lib/gcc/arm-none-eabi/14.3.1/thumb/v7e-m+fp/hard/crtn.o
                0x20008000                        _estack = (ORIGIN (RAM) + LENGTH (RAM))
                0x00000200                        _Min_Heap_Size = 0x200
                0x00000400                        _Min_Stack_Size = 0x400

.isr_vector     0x08000000      0x18c
                0x08000000                        . = ALIGN (0x4)
 *(.isr_vector)
 .isr_vector    0x08000000      0x18c ./Core/Startup/startup_stm32l412cbtx.o
                0x08000000                g_pfnVectors
                0x0800018c                        . = ALIGN (0x4)

.text           0x08000190     0x497c
                0x08000190                        . = ALIGN (0x4)
 *(.text)
 .text          0x08000190       0x40 D:/STM32CubeIDE/STM32CubeIDE_2.2.0/STM32CubeIDE/plugins/com.st.stm32cube.ide.mcu.externaltools.gnu-tools-for-stm32.14.3.rel1.win32_1.0.100.202602081740/tools/bin/../lib/gcc/arm-none-eabi/14.3.1/thumb/v7e-m+fp/hard/crtbegin.o
 .text          0x080001d0      0x378 D:/STM32CubeIDE/STM32CubeIDE_2.2.0/STM32CubeIDE/plugins/com.st.stm32cube.ide.mcu.externaltools.gnu-tools-for-stm32.14.3.rel1.win32_1.0.100.202602081740/tools/bin/../lib/gcc/arm-none-eabi/14.3.1/thumb/v7e-m+fp/hard\libgcc.a(_arm_addsubdf3.o)
                0x080001d0                __aeabi_drsub
                0x080001d8                __aeabi_dsub
                0x080001d8                __subdf3
                0x080001dc                __aeabi_dadd
                0x080001dc                __adddf3
                0x08000454                __floatunsidf
                0x08000454                __aeabi_ui2d
                0x08000474                __floatsidf
                0x08000474                __aeabi_i2d
                0x08000498                __aeabi_f2d
                0x08000498                __extendsfdf2
                0x080004dc                __floatundidf
                0x080004dc                __aeabi_ul2d
                0x080004ec                __floatdidf
                0x080004ec                __aeabi_l2d
 .text          0x08000548      0x110 D:/STM32CubeIDE/STM32CubeIDE_2.2.0/STM32CubeIDE/plugins/com.st.stm32cube.ide.mcu.externaltools.gnu-tools-for-stm32.14.3.rel1.win32_1.0.100.202602081740/tools/bin/../lib/gcc/arm-none-eabi/14.3.1/thumb/v7e-m+fp/hard\libgcc.a(_arm_cmpdf2.o)
                0x08000548                __gtdf2
                0x08000548                __gedf2
                0x08000550                __ltdf2
                0x08000550                __ledf2
                0x08000558                __nedf2
                0x08000558                __eqdf2
                0x08000558                __cmpdf2
                0x080005d4                __aeabi_cdrcmple
                0x080005e4                __aeabi_cdcmpeq
                0x080005e4                __aeabi_cdcmple
                0x080005f4                __aeabi_dcmpeq
                0x08000608                __aeabi_dcmplt
                0x0800061c                __aeabi_dcmple
                0x08000630                __aeabi_dcmpge
                0x08000644                __aeabi_dcmpgt
 .text          0x08000658       0xa0 D:/STM32CubeIDE/STM32CubeIDE_2.2.0/STM32CubeIDE/plugins/com.st.stm32cube.ide.mcu.externaltools.gnu-tools-for-stm32.14.3.rel1.win32_1.0.100.202602081740/tools/bin/../lib/gcc/arm-none-eabi/14.3.1/thumb/v7e-m+fp/hard\libgcc.a(_arm_truncdfsf2.o)
                0x08000658                __truncdfsf2
                0x08000658                __aeabi_d2f
 *(.text*)
 .text.BMA400_WriteReg
                0x080006f8       0x64 ./Core/Src/main.o
                0x080006f8                BMA400_WriteReg
 .text.BMA400_ReadAccel_SPI
                0x0800075c       0x78 ./Core/Src/main.o
                0x0800075c                BMA400_ReadAccel_SPI
 .text.SystemClock_Config
                0x080007d4       0x7c ./Core/Src/main.o
                0x080007d4                SystemClock_Config
 .text.SleeepyTime
                0x08000850       0xf0 ./Core/Src/main.o
                0x08000850                SleeepyTime
 .text.startup.main
                0x08000940     0x1b30 ./Core/Src/main.o
                0x08000940                main
 .text.EXTI15_10_IRQHandler
                0x08002470        0x8 ./Core/Src/main.o
                0x08002470                EXTI15_10_IRQHandler
 .text.Error_Handler
                0x08002478        0x4 ./Core/Src/main.o
                0x08002478                Error_Handler
 .text.HAL_MspInit
                0x0800247c       0x34 ./Core/Src/stm32l4xx_hal_msp.o
                0x0800247c                HAL_MspInit
 .text.HAL_CRC_MspInit
                0x080024b0       0x30 ./Core/Src/stm32l4xx_hal_msp.o
                0x080024b0                HAL_CRC_MspInit
 .text.HAL_RNG_MspInit
                0x080024e0       0x5c ./Core/Src/stm32l4xx_hal_msp.o
                0x080024e0                HAL_RNG_MspInit
 .text.HAL_SPI_MspInit
                0x0800253c       0xb0 ./Core/Src/stm32l4xx_hal_msp.o
                0x0800253c                HAL_SPI_MspInit
 .text.NMI_Handler
                0x080025ec        0x4 ./Core/Src/stm32l4xx_it.o
                0x080025ec                NMI_Handler
 .text.HardFault_Handler
                0x080025f0        0x4 ./Core/Src/stm32l4xx_it.o
                0x080025f0                HardFault_Handler
 .text.MemManage_Handler
                0x080025f4        0x4 ./Core/Src/stm32l4xx_it.o
                0x080025f4                MemManage_Handler
 .text.BusFault_Handler
                0x080025f8        0x4 ./Core/Src/stm32l4xx_it.o
                0x080025f8                BusFault_Handler
 .text.UsageFault_Handler
                0x080025fc        0x4 ./Core/Src/stm32l4xx_it.o
                0x080025fc                UsageFault_Handler
 .text.SVC_Handler
                0x08002600        0x4 ./Core/Src/stm32l4xx_it.o
                0x08002600                SVC_Handler
 .text.DebugMon_Handler
                0x08002604        0x4 ./Core/Src/stm32l4xx_it.o
                0x08002604                DebugMon_Handler
 .text.PendSV_Handler
                0x08002608        0x4 ./Core/Src/stm32l4xx_it.o
                0x08002608                PendSV_Handler
 .text.SysTick_Handler
                0x0800260c       0xdc ./Core/Src/stm32l4xx_it.o
                0x0800260c                SysTick_Handler
 .text.DMA1_Channel5_IRQHandler
                0x080026e8        0xc ./Core/Src/stm32l4xx_it.o
                0x080026e8                DMA1_Channel5_IRQHandler
 .text._sbrk    0x080026f4       0x50 ./Core/Src/sysmem.o
                0x080026f4                _sbrk
 .text.SystemInit
                0x08002744       0x18 ./Core/Src/system_stm32l4xx.o
                0x08002744                SystemInit
 .text.Reset_Handler
                0x0800275c       0x50 ./Core/Startup/startup_stm32l412cbtx.o
                0x0800275c                Reset_Handler
 .text.Default_Handler
                0x080027ac        0x2 ./Core/Startup/startup_stm32l412cbtx.o
                0x080027ac                RTC_Alarm_IRQHandler
                0x080027ac                EXTI2_IRQHandler
                0x080027ac                TIM1_CC_IRQHandler
                0x080027ac                TSC_IRQHandler
                0x080027ac                TIM6_IRQHandler
                0x080027ac                TAMP_STAMP_IRQHandler
                0x080027ac                EXTI3_IRQHandler
                0x080027ac                LPTIM2_IRQHandler
                0x080027ac                I2C3_ER_IRQHandler
                0x080027ac                EXTI0_IRQHandler
                0x080027ac                I2C2_EV_IRQHandler
                0x080027ac                FPU_IRQHandler
                0x080027ac                TIM1_UP_TIM16_IRQHandler
                0x080027ac                ADC1_2_IRQHandler
                0x080027ac                SPI1_IRQHandler
                0x080027ac                DMA2_Channel2_IRQHandler
                0x080027ac                DMA1_Channel4_IRQHandler
                0x080027ac                USART3_IRQHandler
                0x080027ac                DMA1_Channel7_IRQHandler
                0x080027ac                DMA2_Channel1_IRQHandler
                0x080027ac                QUADSPI_IRQHandler
                0x080027ac                I2C1_EV_IRQHandler
                0x080027ac                DMA1_Channel6_IRQHandler
                0x080027ac                DMA2_Channel4_IRQHandler
                0x080027ac                RCC_IRQHandler
                0x080027ac                TIM1_TRG_COM_IRQHandler
                0x080027ac                DMA1_Channel1_IRQHandler
                0x080027ac                Default_Handler
                0x080027ac                DMA2_Channel7_IRQHandler
                0x080027ac                I2C3_EV_IRQHandler
                0x080027ac                USB_IRQHandler
                0x080027ac                EXTI9_5_IRQHandler
                0x080027ac                RTC_WKUP_IRQHandler
                0x080027ac                PVD_PVM_IRQHandler
                0x080027ac                SPI2_IRQHandler
                0x080027ac                DMA2_Channel5_IRQHandler
                0x080027ac                CRS_IRQHandler
                0x080027ac                EXTI4_IRQHandler
                0x080027ac                RNG_IRQHandler
                0x080027ac                DMA1_Channel3_IRQHandler
                0x080027ac                COMP_IRQHandler
                0x080027ac                WWDG_IRQHandler
                0x080027ac                LPUART1_IRQHandler
                0x080027ac                DMA2_Channel6_IRQHandler
                0x080027ac                TIM2_IRQHandler
                0x080027ac                EXTI1_IRQHandler
                0x080027ac                USART2_IRQHandler
                0x080027ac                I2C2_ER_IRQHandler
                0x080027ac                DMA1_Channel2_IRQHandler
                0x080027ac                FLASH_IRQHandler
                0x080027ac                USART1_IRQHandler
                0x080027ac                I2C1_ER_IRQHandler
                0x080027ac                LPTIM1_IRQHandler
                0x080027ac                DMA2_Channel3_IRQHandler
                0x080027ac                TIM1_BRK_TIM15_IRQHandler
 *fill*         0x080027ae        0x2 
 .text.HAL_InitTick
                0x080027b0       0x54 ./Drivers/STM32L4xx_HAL_Driver/Src/stm32l4xx_hal.o
                0x080027b0                HAL_InitTick
 .text.HAL_Init
                0x08002804       0x20 ./Drivers/STM32L4xx_HAL_Driver/Src/stm32l4xx_hal.o
                0x08002804                HAL_Init
 .text.HAL_IncTick
                0x08002824       0x1c ./Drivers/STM32L4xx_HAL_Driver/Src/stm32l4xx_hal.o
                0x08002824                HAL_IncTick
 .text.HAL_GetTick
                0x08002840        0xc ./Drivers/STM32L4xx_HAL_Driver/Src/stm32l4xx_hal.o
                0x08002840                HAL_GetTick
 .text.HAL_Delay
                0x0800284c       0x28 ./Drivers/STM32L4xx_HAL_Driver/Src/stm32l4xx_hal.o
                0x0800284c                HAL_Delay
 .text.HAL_SuspendTick
                0x08002874       0x10 ./Drivers/STM32L4xx_HAL_Driver/Src/stm32l4xx_hal.o
                0x08002874                HAL_SuspendTick
 .text.HAL_ResumeTick
                0x08002884       0x10 ./Drivers/STM32L4xx_HAL_Driver/Src/stm32l4xx_hal.o
                0x08002884                HAL_ResumeTick
 .text.HAL_NVIC_SetPriorityGrouping
                0x08002894       0x24 ./Drivers/STM32L4xx_HAL_Driver/Src/stm32l4xx_hal_cortex.o
                0x08002894                HAL_NVIC_SetPriorityGrouping
 .text.HAL_NVIC_SetPriority
                0x080028b8       0x78 ./Drivers/STM32L4xx_HAL_Driver/Src/stm32l4xx_hal_cortex.o
                0x080028b8                HAL_NVIC_SetPriority
 .text.HAL_NVIC_EnableIRQ
                0x08002930       0x1c ./Drivers/STM32L4xx_HAL_Driver/Src/stm32l4xx_hal_cortex.o
                0x08002930                HAL_NVIC_EnableIRQ
 .text.HAL_SYSTICK_Config
                0x0800294c       0x34 ./Drivers/STM32L4xx_HAL_Driver/Src/stm32l4xx_hal_cortex.o
                0x0800294c                HAL_SYSTICK_Config
 .text.HAL_CRC_Init
                0x08002980       0x7c ./Drivers/STM32L4xx_HAL_Driver/Src/stm32l4xx_hal_crc.o
                0x08002980                HAL_CRC_Init
 .text.HAL_CRCEx_Polynomial_Set
                0x080029fc       0x70 ./Drivers/STM32L4xx_HAL_Driver/Src/stm32l4xx_hal_crc_ex.o
                0x080029fc                HAL_CRCEx_Polynomial_Set
 .text.HAL_DMA_Init
                0x08002a6c       0xec ./Drivers/STM32L4xx_HAL_Driver/Src/stm32l4xx_hal_dma.o
                0x08002a6c                HAL_DMA_Init
 .text.HAL_DMA_IRQHandler
                0x08002b58       0xb0 ./Drivers/STM32L4xx_HAL_Driver/Src/stm32l4xx_hal_dma.o
                0x08002b58                HAL_DMA_IRQHandler
 .text.HAL_GPIO_Init
                0x08002c08      0x368 ./Drivers/STM32L4xx_HAL_Driver/Src/stm32l4xx_hal_gpio.o
                0x08002c08                HAL_GPIO_Init
 .text.HAL_GPIO_WritePin
                0x08002f70        0xc ./Drivers/STM32L4xx_HAL_Driver/Src/stm32l4xx_hal_gpio.o
                0x08002f70                HAL_GPIO_WritePin
 .text.HAL_GPIO_EXTI_Callback
                0x08002f7c        0x4 ./Drivers/STM32L4xx_HAL_Driver/Src/stm32l4xx_hal_gpio.o
                0x08002f7c                HAL_GPIO_EXTI_Callback
 .text.HAL_GPIO_EXTI_IRQHandler
                0x08002f80       0x1c ./Drivers/STM32L4xx_HAL_Driver/Src/stm32l4xx_hal_gpio.o
                0x08002f80                HAL_GPIO_EXTI_IRQHandler
 .text.HAL_PWR_EnterSTOPMode
                0x08002f9c       0x10 ./Drivers/STM32L4xx_HAL_Driver/Src/stm32l4xx_hal_pwr.o
                0x08002f9c                HAL_PWR_EnterSTOPMode
 .text.HAL_PWREx_GetVoltageRange
                0x08002fac       0x10 ./Drivers/STM32L4xx_HAL_Driver/Src/stm32l4xx_hal_pwr_ex.o
                0x08002fac                HAL_PWREx_GetVoltageRange
 .text.HAL_PWREx_ControlVoltageScaling
                0x08002fbc       0x94 ./Drivers/STM32L4xx_HAL_Driver/Src/stm32l4xx_hal_pwr_ex.o
                0x08002fbc                HAL_PWREx_ControlVoltageScaling
 .text.HAL_PWREx_EnterSTOP0Mode
                0x08003050       0x40 ./Drivers/STM32L4xx_HAL_Driver/Src/stm32l4xx_hal_pwr_ex.o
                0x08003050                HAL_PWREx_EnterSTOP0Mode
 .text.HAL_PWREx_EnterSTOP1Mode
                0x08003090       0x44 ./Drivers/STM32L4xx_HAL_Driver/Src/stm32l4xx_hal_pwr_ex.o
                0x08003090                HAL_PWREx_EnterSTOP1Mode
 .text.RCC_SetFlashLatencyFromMSIRange
                0x080030d4       0x90 ./Drivers/STM32L4xx_HAL_Driver/Src/stm32l4xx_hal_rcc.o
 .text.HAL_RCC_GetSysClockFreq
                0x08003164       0xc8 ./Drivers/STM32L4xx_HAL_Driver/Src/stm32l4xx_hal_rcc.o
                0x08003164                HAL_RCC_GetSysClockFreq
 .text.HAL_RCC_OscConfig
                0x0800322c      0x710 ./Drivers/STM32L4xx_HAL_Driver/Src/stm32l4xx_hal_rcc.o
                0x0800322c                HAL_RCC_OscConfig
 .text.HAL_RCC_ClockConfig
                0x0800393c      0x1a4 ./Drivers/STM32L4xx_HAL_Driver/Src/stm32l4xx_hal_rcc.o
                0x0800393c                HAL_RCC_ClockConfig
 .text.HAL_RCCEx_PeriphCLKConfig
                0x08003ae0      0x260 ./Drivers/STM32L4xx_HAL_Driver/Src/stm32l4xx_hal_rcc_ex.o
                0x08003ae0                HAL_RCCEx_PeriphCLKConfig
 .text.HAL_RNG_Init
                0x08003d40       0x70 ./Drivers/STM32L4xx_HAL_Driver/Src/stm32l4xx_hal_rng.o
                0x08003d40                HAL_RNG_Init
 .text.SPI_WaitFifoStateUntilTimeout.constprop.0
                0x08003db0       0xec ./Drivers/STM32L4xx_HAL_Driver/Src/stm32l4xx_hal_spi.o
 .text.SPI_EndRxTxTransaction
                0x08003e9c      0x160 ./Drivers/STM32L4xx_HAL_Driver/Src/stm32l4xx_hal_spi.o
 .text.HAL_SPI_Init
                0x08003ffc       0xf8 ./Drivers/STM32L4xx_HAL_Driver/Src/stm32l4xx_hal_spi.o
                0x08003ffc                HAL_SPI_Init
 .text.HAL_SPI_Transmit
                0x080040f4      0x250 ./Drivers/STM32L4xx_HAL_Driver/Src/stm32l4xx_hal_spi.o
                0x080040f4                HAL_SPI_Transmit
 .text.HAL_SPI_TransmitReceive
                0x08004344      0x3dc ./Drivers/STM32L4xx_HAL_Driver/Src/stm32l4xx_hal_spi.o
                0x08004344                HAL_SPI_TransmitReceive
 .text.calloc   0x08004720       0x10 D:/STM32CubeIDE/STM32CubeIDE_2.2.0/STM32CubeIDE/plugins/com.st.stm32cube.ide.mcu.externaltools.gnu-tools-for-stm32.14.3.rel1.win32_1.0.100.202602081740/tools/bin/../lib/gcc/arm-none-eabi/14.3.1/../../../../arm-none-eabi/lib/thumb/v7e-m+fp/hard\libc_nano.a(libc_a-calloc.o)
                0x08004720                calloc
 .text._calloc_r
                0x08004730       0x28 D:/STM32CubeIDE/STM32CubeIDE_2.2.0/STM32CubeIDE/plugins/com.st.stm32cube.ide.mcu.externaltools.gnu-tools-for-stm32.14.3.rel1.win32_1.0.100.202602081740/tools/bin/../lib/gcc/arm-none-eabi/14.3.1/../../../../arm-none-eabi/lib/thumb/v7e-m+fp/hard\libc_nano.a(libc_a-callocr.o)
                0x08004730                _calloc_r
 .text.sbrk_aligned
                0x08004758       0x44 D:/STM32CubeIDE/STM32CubeIDE_2.2.0/STM32CubeIDE/plugins/com.st.stm32cube.ide.mcu.externaltools.gnu-tools-for-stm32.14.3.rel1.win32_1.0.100.202602081740/tools/bin/../lib/gcc/arm-none-eabi/14.3.1/../../../../arm-none-eabi/lib/thumb/v7e-m+fp/hard\libc_nano.a(libc_a-mallocr.o)
 .text._malloc_r
                0x0800479c      0x100 D:/STM32CubeIDE/STM32CubeIDE_2.2.0/STM32CubeIDE/plugins/com.st.stm32cube.ide.mcu.externaltools.gnu-tools-for-stm32.14.3.rel1.win32_1.0.100.202602081740/tools/bin/../lib/gcc/arm-none-eabi/14.3.1/../../../../arm-none-eabi/lib/thumb/v7e-m+fp/hard\libc_nano.a(libc_a-mallocr.o)
                0x0800479c                _malloc_r
 .text.__malloc_lock
                0x0800489c        0xc D:/STM32CubeIDE/STM32CubeIDE_2.2.0/STM32CubeIDE/plugins/com.st.stm32cube.ide.mcu.externaltools.gnu-tools-for-stm32.14.3.rel1.win32_1.0.100.202602081740/tools/bin/../lib/gcc/arm-none-eabi/14.3.1/../../../../arm-none-eabi/lib/thumb/v7e-m+fp/hard\libc_nano.a(libc_a-mlock.o)
                0x0800489c                __malloc_lock
 .text.__malloc_unlock
                0x080048a8        0xc D:/STM32CubeIDE/STM32CubeIDE_2.2.0/STM32CubeIDE/plugins/com.st.stm32cube.ide.mcu.externaltools.gnu-tools-for-stm32.14.3.rel1.win32_1.0.100.202602081740/tools/bin/../lib/gcc/arm-none-eabi/14.3.1/../../../../arm-none-eabi/lib/thumb/v7e-m+fp/hard\libc_nano.a(libc_a-mlock.o)
                0x080048a8                __malloc_unlock
 .text.memset   0x080048b4       0x10 D:/STM32CubeIDE/STM32CubeIDE_2.2.0/STM32CubeIDE/plugins/com.st.stm32cube.ide.mcu.externaltools.gnu-tools-for-stm32.14.3.rel1.win32_1.0.100.202602081740/tools/bin/../lib/gcc/arm-none-eabi/14.3.1/../../../../arm-none-eabi/lib/thumb/v7e-m+fp/hard\libc_nano.a(libc_a-memset.o)
                0x080048b4                memset
 .text._sbrk_r  0x080048c4       0x20 D:/STM32CubeIDE/STM32CubeIDE_2.2.0/STM32CubeIDE/plugins/com.st.stm32cube.ide.mcu.externaltools.gnu-tools-for-stm32.14.3.rel1.win32_1.0.100.202602081740/tools/bin/../lib/gcc/arm-none-eabi/14.3.1/../../../../arm-none-eabi/lib/thumb/v7e-m+fp/hard\libc_nano.a(libc_a-sbrkr.o)
                0x080048c4                _sbrk_r
 .text.__errno  0x080048e4        0xc D:/STM32CubeIDE/STM32CubeIDE_2.2.0/STM32CubeIDE/plugins/com.st.stm32cube.ide.mcu.externaltools.gnu-tools-for-stm32.14.3.rel1.win32_1.0.100.202602081740/tools/bin/../lib/gcc/arm-none-eabi/14.3.1/../../../../arm-none-eabi/lib/thumb/v7e-m+fp/hard\libc_nano.a(libc_a-errno.o)
                0x080048e4                __errno
 .text.__libc_init_array
                0x080048f0       0x48 D:/STM32CubeIDE/STM32CubeIDE_2.2.0/STM32CubeIDE/plugins/com.st.stm32cube.ide.mcu.externaltools.gnu-tools-for-stm32.14.3.rel1.win32_1.0.100.202602081740/tools/bin/../lib/gcc/arm-none-eabi/14.3.1/../../../../arm-none-eabi/lib/thumb/v7e-m+fp/hard\libc_nano.a(libc_a-init.o)
                0x080048f0                __libc_init_array
 .text.__retarget_lock_acquire_recursive
                0x08004938        0x2 D:/STM32CubeIDE/STM32CubeIDE_2.2.0/STM32CubeIDE/plugins/com.st.stm32cube.ide.mcu.externaltools.gnu-tools-for-stm32.14.3.rel1.win32_1.0.100.202602081740/tools/bin/../lib/gcc/arm-none-eabi/14.3.1/../../../../arm-none-eabi/lib/thumb/v7e-m+fp/hard\libc_nano.a(libc_a-lock.o)
                0x08004938                __retarget_lock_acquire_recursive
 .text.__retarget_lock_release_recursive
                0x0800493a        0x2 D:/STM32CubeIDE/STM32CubeIDE_2.2.0/STM32CubeIDE/plugins/com.st.stm32cube.ide.mcu.externaltools.gnu-tools-for-stm32.14.3.rel1.win32_1.0.100.202602081740/tools/bin/../lib/gcc/arm-none-eabi/14.3.1/../../../../arm-none-eabi/lib/thumb/v7e-m+fp/hard\libc_nano.a(libc_a-lock.o)
                0x0800493a                __retarget_lock_release_recursive
 .text.memcpy   0x0800493c       0x1c D:/STM32CubeIDE/STM32CubeIDE_2.2.0/STM32CubeIDE/plugins/com.st.stm32cube.ide.mcu.externaltools.gnu-tools-for-stm32.14.3.rel1.win32_1.0.100.202602081740/tools/bin/../lib/gcc/arm-none-eabi/14.3.1/../../../../arm-none-eabi/lib/thumb/v7e-m+fp/hard\libc_nano.a(libc_a-memcpy-stub.o)
                0x0800493c                memcpy
 .text.floor    0x08004958      0x108 D:/STM32CubeIDE/STM32CubeIDE_2.2.0/STM32CubeIDE/plugins/com.st.stm32cube.ide.mcu.externaltools.gnu-tools-for-stm32.14.3.rel1.win32_1.0.100.202602081740/tools/bin/../lib/gcc/arm-none-eabi/14.3.1/../../../../arm-none-eabi/lib/thumb/v7e-m+fp/hard\libm.a(libm_a-s_floor.o)
                0x08004958                floor
 .text.floorf   0x08004a60       0x94 D:/STM32CubeIDE/STM32CubeIDE_2.2.0/STM32CubeIDE/plugins/com.st.stm32cube.ide.mcu.externaltools.gnu-tools-for-stm32.14.3.rel1.win32_1.0.100.202602081740/tools/bin/../lib/gcc/arm-none-eabi/14.3.1/../../../../arm-none-eabi/lib/thumb/v7e-m+fp/hard\libm.a(libm_a-sf_floor.o)
                0x08004a60                floorf
 *(.glue_7)
 .glue_7        0x08004af4        0x0 linker stubs
 *(.glue_7t)
 .glue_7t       0x08004af4        0x0 linker stubs
 *(.eh_frame)
 .eh_frame      0x08004af4        0x0 D:/STM32CubeIDE/STM32CubeIDE_2.2.0/STM32CubeIDE/plugins/com.st.stm32cube.ide.mcu.externaltools.gnu-tools-for-stm32.14.3.rel1.win32_1.0.100.202602081740/tools/bin/../lib/gcc/arm-none-eabi/14.3.1/thumb/v7e-m+fp/hard/crtbegin.o
 *(.init)
 .init          0x08004af4        0x4 D:/STM32CubeIDE/STM32CubeIDE_2.2.0/STM32CubeIDE/plugins/com.st.stm32cube.ide.mcu.externaltools.gnu-tools-for-stm32.14.3.rel1.win32_1.0.100.202602081740/tools/bin/../lib/gcc/arm-none-eabi/14.3.1/thumb/v7e-m+fp/hard/crti.o
                0x08004af4                _init
 .init          0x08004af8        0x8 D:/STM32CubeIDE/STM32CubeIDE_2.2.0/STM32CubeIDE/plugins/com.st.stm32cube.ide.mcu.externaltools.gnu-tools-for-stm32.14.3.rel1.win32_1.0.100.202602081740/tools/bin/../lib/gcc/arm-none-eabi/14.3.1/thumb/v7e-m+fp/hard/crtn.o
 *(.fini)
 .fini          0x08004b00        0x4 D:/STM32CubeIDE/STM32CubeIDE_2.2.0/STM32CubeIDE/plugins/com.st.stm32cube.ide.mcu.externaltools.gnu-tools-for-stm32.14.3.rel1.win32_1.0.100.202602081740/tools/bin/../lib/gcc/arm-none-eabi/14.3.1/thumb/v7e-m+fp/hard/crti.o
                0x08004b00                _fini
 .fini          0x08004b04        0x8 D:/STM32CubeIDE/STM32CubeIDE_2.2.0/STM32CubeIDE/plugins/com.st.stm32cube.ide.mcu.externaltools.gnu-tools-for-stm32.14.3.rel1.win32_1.0.100.202602081740/tools/bin/../lib/gcc/arm-none-eabi/14.3.1/thumb/v7e-m+fp/hard/crtn.o
                0x08004b0c                        . = ALIGN (0x4)
                0x08004b0c                        _etext = .

.vfp11_veneer   0x08004b0c        0x0
 .vfp11_veneer  0x08004b0c        0x0 linker stubs

.v4_bx          0x08004b0c        0x0
 .v4_bx         0x08004b0c        0x0 linker stubs

.iplt           0x08004b0c        0x0
 .iplt          0x08004b0c        0x0 D:/STM32CubeIDE/STM32CubeIDE_2.2.0/STM32CubeIDE/plugins/com.st.stm32cube.ide.mcu.externaltools.gnu-tools-for-stm32.14.3.rel1.win32_1.0.100.202602081740/tools/bin/../lib/gcc/arm-none-eabi/14.3.1/thumb/v7e-m+fp/hard/crtbegin.o

.rodata         0x08004b0c      0x968
                0x08004b0c                        . = ALIGN (0x4)
 *(.rodata)
 *(.rodata*)
 .rodata._ROW_LEN
                0x08004b0c        0xf ./Core/Src/led_matrix.o
                0x08004b0c                _ROW_LEN
 *fill*         0x08004b1b        0x1 
 .rodata._ROW_START
                0x08004b1c        0xf ./Core/Src/led_matrix.o
                0x08004b1c                _ROW_START
 *fill*         0x08004b2b        0x1 
 .rodata._ROW_PIN
                0x08004b2c       0x1e ./Core/Src/led_matrix.o
                0x08004b2c                _ROW_PIN
 *fill*         0x08004b4a        0x2 
 .rodata._ROW_PORT
                0x08004b4c       0x3c ./Core/Src/led_matrix.o
                0x08004b4c                _ROW_PORT
 .rodata.LED_MAP
                0x08004b88      0x8ac ./Core/Src/led_matrix.o
                0x08004b88                LED_MAP
 .rodata.MSIRangeTable
                0x08005434       0x30 ./Core/Src/system_stm32l4xx.o
                0x08005434                MSIRangeTable
 .rodata.AHBPrescTable
                0x08005464       0x10 ./Core/Src/system_stm32l4xx.o
                0x08005464                AHBPrescTable
                0x08005474                        . = ALIGN (0x4)

.ARM.extab      0x08005474        0x0
                0x08005474                        . = ALIGN (0x4)
 *(.ARM.extab* .gnu.linkonce.armextab.*)
                0x08005474                        . = ALIGN (0x4)

.ARM            0x08005474        0x0
                0x08005474                        . = ALIGN (0x4)
                0x08005474                        __exidx_start = .
 *(.ARM.exidx*)
                0x08005474                        __exidx_end = .
                0x08005474                        . = ALIGN (0x4)

.preinit_array  0x08005474        0x0
                0x08005474                        . = ALIGN (0x4)
                0x08005474                        PROVIDE (__preinit_array_start = .)
 *(.preinit_array*)
                0x08005474                        PROVIDE (__preinit_array_end = .)
                0x08005474                        . = ALIGN (0x4)

.init_array     0x08005474        0x4
                0x08005474                        . = ALIGN (0x4)
                0x08005474                        PROVIDE (__init_array_start = .)
 *(SORT_BY_NAME(.init_array.*))
 *(.init_array*)
 .init_array    0x08005474        0x4 D:/STM32CubeIDE/STM32CubeIDE_2.2.0/STM32CubeIDE/plugins/com.st.stm32cube.ide.mcu.externaltools.gnu-tools-for-stm32.14.3.rel1.win32_1.0.100.202602081740/tools/bin/../lib/gcc/arm-none-eabi/14.3.1/thumb/v7e-m+fp/hard/crtbegin.o
                0x08005478                        PROVIDE (__init_array_end = .)
                0x08005478                        . = ALIGN (0x4)

.fini_array     0x08005478        0x4
                0x08005478                        . = ALIGN (0x4)
                [!provide]                        PROVIDE (__fini_array_start = .)
 *(SORT_BY_NAME(.fini_array.*))
 *(.fini_array*)
 .fini_array    0x08005478        0x4 D:/STM32CubeIDE/STM32CubeIDE_2.2.0/STM32CubeIDE/plugins/com.st.stm32cube.ide.mcu.externaltools.gnu-tools-for-stm32.14.3.rel1.win32_1.0.100.202602081740/tools/bin/../lib/gcc/arm-none-eabi/14.3.1/thumb/v7e-m+fp/hard/crtbegin.o
                [!provide]                        PROVIDE (__fini_array_end = .)
                0x0800547c                        . = ALIGN (0x4)
                0x0800547c                        _sidata = LOADADDR (.data)

.rel.dyn        0x0800547c        0x0
 .rel.iplt      0x0800547c        0x0 D:/STM32CubeIDE/STM32CubeIDE_2.2.0/STM32CubeIDE/plugins/com.st.stm32cube.ide.mcu.externaltools.gnu-tools-for-stm32.14.3.rel1.win32_1.0.100.202602081740/tools/bin/../lib/gcc/arm-none-eabi/14.3.1/thumb/v7e-m+fp/hard/crtbegin.o

.data           0x20000000       0x68 load address 0x0800547c
                0x20000000                        . = ALIGN (0x4)
                0x20000000                        _sdata = .
 *(.data)
 *(.data*)
 .data.cellCount
                0x20000000        0x4 ./Core/Src/led_matrix.o
                0x20000000                cellCount
 .data.render_canvas_buf
                0x20000004        0x4 ./Core/Src/main.o
                0x20000004                render_canvas_buf
 .data.active_display_buf
                0x20000008        0x4 ./Core/Src/main.o
                0x20000008                active_display_buf
 .data.SystemCoreClock
                0x2000000c        0x4 ./Core/Src/system_stm32l4xx.o
                0x2000000c                SystemCoreClock
 .data.uwTickFreq
                0x20000010        0x1 ./Drivers/STM32L4xx_HAL_Driver/Src/stm32l4xx_hal.o
                0x20000010                uwTickFreq
 *fill*         0x20000011        0x3 
 .data.uwTickPrio
                0x20000014        0x4 ./Drivers/STM32L4xx_HAL_Driver/Src/stm32l4xx_hal.o
                0x20000014                uwTickPrio
 .data._impure_ptr
                0x20000018        0x4 D:/STM32CubeIDE/STM32CubeIDE_2.2.0/STM32CubeIDE/plugins/com.st.stm32cube.ide.mcu.externaltools.gnu-tools-for-stm32.14.3.rel1.win32_1.0.100.202602081740/tools/bin/../lib/gcc/arm-none-eabi/14.3.1/../../../../arm-none-eabi/lib/thumb/v7e-m+fp/hard\libc_nano.a(libc_a-impure.o)
                0x20000018                _impure_ptr
 .data._impure_data
                0x2000001c       0x4c D:/STM32CubeIDE/STM32CubeIDE_2.2.0/STM32CubeIDE/plugins/com.st.stm32cube.ide.mcu.externaltools.gnu-tools-for-stm32.14.3.rel1.win32_1.0.100.202602081740/tools/bin/../lib/gcc/arm-none-eabi/14.3.1/../../../../arm-none-eabi/lib/thumb/v7e-m+fp/hard\libc_nano.a(libc_a-impure.o)
                0x2000001c                _impure_data
 *(.RamFunc)
 *(.RamFunc*)
                0x20000068                        . = ALIGN (0x4)
                0x20000068                        _edata = .

.igot.plt       0x20000068        0x0 load address 0x080054e4
 .igot.plt      0x20000068        0x0 D:/STM32CubeIDE/STM32CubeIDE_2.2.0/STM32CubeIDE/plugins/com.st.stm32cube.ide.mcu.externaltools.gnu-tools-for-stm32.14.3.rel1.win32_1.0.100.202602081740/tools/bin/../lib/gcc/arm-none-eabi/14.3.1/thumb/v7e-m+fp/hard/crtbegin.o
                0x20000068                        . = ALIGN (0x4)

.bss            0x20000068      0x3e8 load address 0x080054e4
                0x20000068                        _sbss = .
                0x20000068                        __bss_start__ = _sbss
 *(.bss)
 .bss           0x20000068       0x1c D:/STM32CubeIDE/STM32CubeIDE_2.2.0/STM32CubeIDE/plugins/com.st.stm32cube.ide.mcu.externaltools.gnu-tools-for-stm32.14.3.rel1.win32_1.0.100.202602081740/tools/bin/../lib/gcc/arm-none-eabi/14.3.1/thumb/v7e-m+fp/hard/crtbegin.o
 *(.bss*)
 .bss.led_framebuffer
                0x20000084       0x6f ./Core/Src/led_matrix.o
                0x20000084                led_framebuffer
 *fill*         0x200000f3        0x1 
 .bss.spatialParticleIds
                0x200000f4        0x4 ./Core/Src/led_matrix.o
                0x200000f4                spatialParticleIds
 .bss.spatialCellStart
                0x200000f8        0x4 ./Core/Src/led_matrix.o
                0x200000f8                spatialCellStart
 .bss.spatialCellCount
                0x200000fc        0x4 ./Core/Src/led_matrix.o
                0x200000fc                spatialCellCount
 .bss.restDensity
                0x20000100        0x4 ./Core/Src/led_matrix.o
                0x20000100                restDensity
 .bss.density   0x20000104        0x4 ./Core/Src/led_matrix.o
                0x20000104                density
 .bss.divergence
                0x20000108        0x4 ./Core/Src/led_matrix.o
                0x20000108                divergence
 .bss.s         0x2000010c        0x4 ./Core/Src/led_matrix.o
                0x2000010c                s
 .bss.dv        0x20000110        0x4 ./Core/Src/led_matrix.o
                0x20000110                dv
 .bss.du        0x20000114        0x4 ./Core/Src/led_matrix.o
                0x20000114                du
 .bss.pv        0x20000118        0x4 ./Core/Src/led_matrix.o
                0x20000118                pv
 .bss.pu        0x2000011c        0x4 ./Core/Src/led_matrix.o
                0x2000011c                pu
 .bss.v         0x20000120        0x4 ./Core/Src/led_matrix.o
                0x20000120                v
 .bss.u         0x20000124        0x4 ./Core/Src/led_matrix.o
                0x20000124                u
 .bss.cellType  0x20000128        0x4 ./Core/Src/led_matrix.o
                0x20000128                cellType
 .bss.particleVel
                0x2000012c        0x4 ./Core/Src/led_matrix.o
                0x2000012c                particleVel
 .bss.particlePos
                0x20000130        0x4 ./Core/Src/led_matrix.o
                0x20000130                particlePos
 .bss.display_buffer_B
                0x20000134       0x6f ./Core/Src/main.o
                0x20000134                display_buffer_B
 *fill*         0x200001a3        0x1 
 .bss.display_buffer_A
                0x200001a4       0x6f ./Core/Src/main.o
                0x200001a4                display_buffer_A
 *fill*         0x20000213        0x1 
 .bss.gY        0x20000214        0x4 ./Core/Src/main.o
                0x20000214                gY
 .bss.gX        0x20000218        0x4 ./Core/Src/main.o
                0x20000218                gX
 .bss.hdma_spi2_tx
                0x2000021c       0x48 ./Core/Src/main.o
                0x2000021c                hdma_spi2_tx
 .bss.hspi2     0x20000264       0x64 ./Core/Src/main.o
                0x20000264                hspi2
 .bss.hrng      0x200002c8       0x10 ./Core/Src/main.o
                0x200002c8                hrng
 .bss.hcrc      0x200002d8       0x24 ./Core/Src/main.o
                0x200002d8                hcrc
 .bss.cur.0     0x200002fc        0x1 ./Core/Src/stm32l4xx_it.o
 *fill*         0x200002fd        0x3 
 .bss.__sbrk_heap_end
                0x20000300        0x4 ./Core/Src/sysmem.o
 .bss.uwTick    0x20000304        0x4 ./Drivers/STM32L4xx_HAL_Driver/Src/stm32l4xx_hal.o
                0x20000304                uwTick
 .bss.__malloc_sbrk_start
                0x20000308        0x4 D:/STM32CubeIDE/STM32CubeIDE_2.2.0/STM32CubeIDE/plugins/com.st.stm32cube.ide.mcu.externaltools.gnu-tools-for-stm32.14.3.rel1.win32_1.0.100.202602081740/tools/bin/../lib/gcc/arm-none-eabi/14.3.1/../../../../arm-none-eabi/lib/thumb/v7e-m+fp/hard\libc_nano.a(libc_a-mallocr.o)
                0x20000308                __malloc_sbrk_start
 .bss.__malloc_free_list
                0x2000030c        0x4 D:/STM32CubeIDE/STM32CubeIDE_2.2.0/STM32CubeIDE/plugins/com.st.stm32cube.ide.mcu.externaltools.gnu-tools-for-stm32.14.3.rel1.win32_1.0.100.202602081740/tools/bin/../lib/gcc/arm-none-eabi/14.3.1/../../../../arm-none-eabi/lib/thumb/v7e-m+fp/hard\libc_nano.a(libc_a-mallocr.o)
                0x2000030c                __malloc_free_list
 .bss.__sf      0x20000310      0x138 D:/STM32CubeIDE/STM32CubeIDE_2.2.0/STM32CubeIDE/plugins/com.st.stm32cube.ide.mcu.externaltools.gnu-tools-for-stm32.14.3.rel1.win32_1.0.100.202602081740/tools/bin/../lib/gcc/arm-none-eabi/14.3.1/../../../../arm-none-eabi/lib/thumb/v7e-m+fp/hard\libc_nano.a(libc_a-findfp.o)
                0x20000310                __sf
 .bss.errno     0x20000448        0x4 D:/STM32CubeIDE/STM32CubeIDE_2.2.0/STM32CubeIDE/plugins/com.st.stm32cube.ide.mcu.externaltools.gnu-tools-for-stm32.14.3.rel1.win32_1.0.100.202602081740/tools/bin/../lib/gcc/arm-none-eabi/14.3.1/../../../../arm-none-eabi/lib/thumb/v7e-m+fp/hard\libc_nano.a(libc_a-reent.o)
                0x20000448                errno
 .bss.__lock___malloc_recursive_mutex
                0x2000044c        0x1 D:/STM32CubeIDE/STM32CubeIDE_2.2.0/STM32CubeIDE/plugins/com.st.stm32cube.ide.mcu.externaltools.gnu-tools-for-stm32.14.3.rel1.win32_1.0.100.202602081740/tools/bin/../lib/gcc/arm-none-eabi/14.3.1/../../../../arm-none-eabi/lib/thumb/v7e-m+fp/hard\libc_nano.a(libc_a-lock.o)
                0x2000044c                __lock___malloc_recursive_mutex
 *(COMMON)
                0x20000450                        . = ALIGN (0x4)
 *fill*         0x2000044d        0x3 
                0x20000450                        _ebss = .
                0x20000450                        __bss_end__ = _ebss

._user_heap_stack
                0x20000450      0x600 load address 0x080054e4
                0x20000450                        . = ALIGN (0x8)
                [!provide]                        PROVIDE (end = .)
                0x20000450                        PROVIDE (_end = .)
                0x20000650                        . = (. + _Min_Heap_Size)
 *fill*         0x20000450      0x200 
                0x20000a50                        . = (. + _Min_Stack_Size)
 *fill*         0x20000650      0x400 
                0x20000a50                        . = ALIGN (0x8)

/DISCARD/
 libc.a(*)
 libm.a(*)
 libgcc.a(*)

.ARM.attributes
                0x00000000       0x30
 *(.ARM.attributes)
 .ARM.attributes
                0x00000000       0x22 D:/STM32CubeIDE/STM32CubeIDE_2.2.0/STM32CubeIDE/plugins/com.st.stm32cube.ide.mcu.externaltools.gnu-tools-for-stm32.14.3.rel1.win32_1.0.100.202602081740/tools/bin/../lib/gcc/arm-none-eabi/14.3.1/thumb/v7e-m+fp/hard/crti.o
 .ARM.attributes
                0x00000022       0x34 D:/STM32CubeIDE/STM32CubeIDE_2.2.0/STM32CubeIDE/plugins/com.st.stm32cube.ide.mcu.externaltools.gnu-tools-for-stm32.14.3.rel1.win32_1.0.100.202602081740/tools/bin/../lib/gcc/arm-none-eabi/14.3.1/thumb/v7e-m+fp/hard/crtbegin.o
 .ARM.attributes
                0x00000056       0x30 ./Core/Src/led_matrix.o
 .ARM.attributes
                0x00000086       0x30 ./Core/Src/main.o
 .ARM.attributes
                0x000000b6       0x30 ./Core/Src/stm32l4xx_hal_msp.o
 .ARM.attributes
                0x000000e6       0x30 ./Core/Src/stm32l4xx_it.o
 .ARM.attributes
                0x00000116       0x30 ./Core/Src/sysmem.o
 .ARM.attributes
                0x00000146       0x30 ./Core/Src/system_stm32l4xx.o
 .ARM.attributes
                0x00000176       0x21 ./Core/Startup/startup_stm32l412cbtx.o
 .ARM.attributes
                0x00000197       0x30 ./Drivers/STM32L4xx_HAL_Driver/Src/stm32l4xx_hal.o
 .ARM.attributes
                0x000001c7       0x30 ./Drivers/STM32L4xx_HAL_Driver/Src/stm32l4xx_hal_cortex.o
 .ARM.attributes
                0x000001f7       0x30 ./Drivers/STM32L4xx_HAL_Driver/Src/stm32l4xx_hal_crc.o
 .ARM.attributes
                0x00000227       0x30 ./Drivers/STM32L4xx_HAL_Driver/Src/stm32l4xx_hal_crc_ex.o
 .ARM.attributes
                0x00000257       0x30 ./Drivers/STM32L4xx_HAL_Driver/Src/stm32l4xx_hal_dma.o
 .ARM.attributes
                0x00000287       0x30 ./Drivers/STM32L4xx_HAL_Driver/Src/stm32l4xx_hal_gpio.o
 .ARM.attributes
                0x000002b7       0x30 ./Drivers/STM32L4xx_HAL_Driver/Src/stm32l4xx_hal_pwr.o
 .ARM.attributes
                0x000002e7       0x30 ./Drivers/STM32L4xx_HAL_Driver/Src/stm32l4xx_hal_pwr_ex.o
 .ARM.attributes
                0x00000317       0x30 ./Drivers/STM32L4xx_HAL_Driver/Src/stm32l4xx_hal_rcc.o
 .ARM.attributes
                0x00000347       0x30 ./Drivers/STM32L4xx_HAL_Driver/Src/stm32l4xx_hal_rcc_ex.o
 .ARM.attributes
                0x00000377       0x30 ./Drivers/STM32L4xx_HAL_Driver/Src/stm32l4xx_hal_rng.o
 .ARM.attributes
                0x000003a7       0x30 ./Drivers/STM32L4xx_HAL_Driver/Src/stm32l4xx_hal_spi.o
 .ARM.attributes
                0x000003d7       0x34 D:/STM32CubeIDE/STM32CubeIDE_2.2.0/STM32CubeIDE/plugins/com.st.stm32cube.ide.mcu.externaltools.gnu-tools-for-stm32.14.3.rel1.win32_1.0.100.202602081740/tools/bin/../lib/gcc/arm-none-eabi/14.3.1/../../../../arm-none-eabi/lib/thumb/v7e-m+fp/hard\libc_nano.a(libc_a-calloc.o)
 .ARM.attributes
                0x0000040b       0x34 D:/STM32CubeIDE/STM32CubeIDE_2.2.0/STM32CubeIDE/plugins/com.st.stm32cube.ide.mcu.externaltools.gnu-tools-for-stm32.14.3.rel1.win32_1.0.100.202602081740/tools/bin/../lib/gcc/arm-none-eabi/14.3.1/../../../../arm-none-eabi/lib/thumb/v7e-m+fp/hard\libc_nano.a(libc_a-callocr.o)
 .ARM.attributes
                0x0000043f       0x34 D:/STM32CubeIDE/STM32CubeIDE_2.2.0/STM32CubeIDE/plugins/com.st.stm32cube.ide.mcu.externaltools.gnu-tools-for-stm32.14.3.rel1.win32_1.0.100.202602081740/tools/bin/../lib/gcc/arm-none-eabi/14.3.1/../../../../arm-none-eabi/lib/thumb/v7e-m+fp/hard\libc_nano.a(libc_a-mallocr.o)
 .ARM.attributes
                0x00000473       0x34 D:/STM32CubeIDE/STM32CubeIDE_2.2.0/STM32CubeIDE/plugins/com.st.stm32cube.ide.mcu.externaltools.gnu-tools-for-stm32.14.3.rel1.win32_1.0.100.202602081740/tools/bin/../lib/gcc/arm-none-eabi/14.3.1/../../../../arm-none-eabi/lib/thumb/v7e-m+fp/hard\libc_nano.a(libc_a-mlock.o)
 .ARM.attributes
                0x000004a7       0x34 D:/STM32CubeIDE/STM32CubeIDE_2.2.0/STM32CubeIDE/plugins/com.st.stm32cube.ide.mcu.externaltools.gnu-tools-for-stm32.14.3.rel1.win32_1.0.100.202602081740/tools/bin/../lib/gcc/arm-none-eabi/14.3.1/../../../../arm-none-eabi/lib/thumb/v7e-m+fp/hard\libc_nano.a(libc_a-findfp.o)
 .ARM.attributes
                0x000004db       0x34 D:/STM32CubeIDE/STM32CubeIDE_2.2.0/STM32CubeIDE/plugins/com.st.stm32cube.ide.mcu.externaltools.gnu-tools-for-stm32.14.3.rel1.win32_1.0.100.202602081740/tools/bin/../lib/gcc/arm-none-eabi/14.3.1/../../../../arm-none-eabi/lib/thumb/v7e-m+fp/hard\libc_nano.a(libc_a-memset.o)
 .ARM.attributes
                0x0000050f       0x34 D:/STM32CubeIDE/STM32CubeIDE_2.2.0/STM32CubeIDE/plugins/com.st.stm32cube.ide.mcu.externaltools.gnu-tools-for-stm32.14.3.rel1.win32_1.0.100.202602081740/tools/bin/../lib/gcc/arm-none-eabi/14.3.1/../../../../arm-none-eabi/lib/thumb/v7e-m+fp/hard\libc_nano.a(libc_a-reent.o)
 .ARM.attributes
                0x00000543       0x34 D:/STM32CubeIDE/STM32CubeIDE_2.2.0/STM32CubeIDE/plugins/com.st.stm32cube.ide.mcu.externaltools.gnu-tools-for-stm32.14.3.rel1.win32_1.0.100.202602081740/tools/bin/../lib/gcc/arm-none-eabi/14.3.1/../../../../arm-none-eabi/lib/thumb/v7e-m+fp/hard\libc_nano.a(libc_a-impure.o)
 .ARM.attributes
                0x00000577       0x34 D:/STM32CubeIDE/STM32CubeIDE_2.2.0/STM32CubeIDE/plugins/com.st.stm32cube.ide.mcu.externaltools.gnu-tools-for-stm32.14.3.rel1.win32_1.0.100.202602081740/tools/bin/../lib/gcc/arm-none-eabi/14.3.1/../../../../arm-none-eabi/lib/thumb/v7e-m+fp/hard\libc_nano.a(libc_a-sbrkr.o)
 .ARM.attributes
                0x000005ab       0x34 D:/STM32CubeIDE/STM32CubeIDE_2.2.0/STM32CubeIDE/plugins/com.st.stm32cube.ide.mcu.externaltools.gnu-tools-for-stm32.14.3.rel1.win32_1.0.100.202602081740/tools/bin/../lib/gcc/arm-none-eabi/14.3.1/../../../../arm-none-eabi/lib/thumb/v7e-m+fp/hard\libc_nano.a(libc_a-errno.o)
 .ARM.attributes
                0x000005df       0x34 D:/STM32CubeIDE/STM32CubeIDE_2.2.0/STM32CubeIDE/plugins/com.st.stm32cube.ide.mcu.externaltools.gnu-tools-for-stm32.14.3.rel1.win32_1.0.100.202602081740/tools/bin/../lib/gcc/arm-none-eabi/14.3.1/../../../../arm-none-eabi/lib/thumb/v7e-m+fp/hard\libc_nano.a(libc_a-init.o)
 .ARM.attributes
                0x00000613       0x34 D:/STM32CubeIDE/STM32CubeIDE_2.2.0/STM32CubeIDE/plugins/com.st.stm32cube.ide.mcu.externaltools.gnu-tools-for-stm32.14.3.rel1.win32_1.0.100.202602081740/tools/bin/../lib/gcc/arm-none-eabi/14.3.1/../../../../arm-none-eabi/lib/thumb/v7e-m+fp/hard\libc_nano.a(libc_a-lock.o)
 .ARM.attributes
                0x00000647       0x34 D:/STM32CubeIDE/STM32CubeIDE_2.2.0/STM32CubeIDE/plugins/com.st.stm32cube.ide.mcu.externaltools.gnu-tools-for-stm32.14.3.rel1.win32_1.0.100.202602081740/tools/bin/../lib/gcc/arm-none-eabi/14.3.1/../../../../arm-none-eabi/lib/thumb/v7e-m+fp/hard\libc_nano.a(libc_a-memcpy-stub.o)
 .ARM.attributes
                0x0000067b       0x34 D:/STM32CubeIDE/STM32CubeIDE_2.2.0/STM32CubeIDE/plugins/com.st.stm32cube.ide.mcu.externaltools.gnu-tools-for-stm32.14.3.rel1.win32_1.0.100.202602081740/tools/bin/../lib/gcc/arm-none-eabi/14.3.1/../../../../arm-none-eabi/lib/thumb/v7e-m+fp/hard\libm.a(libm_a-s_floor.o)
 .ARM.attributes
                0x000006af       0x34 D:/STM32CubeIDE/STM32CubeIDE_2.2.0/STM32CubeIDE/plugins/com.st.stm32cube.ide.mcu.externaltools.gnu-tools-for-stm32.14.3.rel1.win32_1.0.100.202602081740/tools/bin/../lib/gcc/arm-none-eabi/14.3.1/../../../../arm-none-eabi/lib/thumb/v7e-m+fp/hard\libm.a(libm_a-sf_floor.o)
 .ARM.attributes
                0x000006e3       0x22 D:/STM32CubeIDE/STM32CubeIDE_2.2.0/STM32CubeIDE/plugins/com.st.stm32cube.ide.mcu.externaltools.gnu-tools-for-stm32.14.3.rel1.win32_1.0.100.202602081740/tools/bin/../lib/gcc/arm-none-eabi/14.3.1/thumb/v7e-m+fp/hard\libgcc.a(_arm_addsubdf3.o)
 .ARM.attributes
                0x00000705       0x22 D:/STM32CubeIDE/STM32CubeIDE_2.2.0/STM32CubeIDE/plugins/com.st.stm32cube.ide.mcu.externaltools.gnu-tools-for-stm32.14.3.rel1.win32_1.0.100.202602081740/tools/bin/../lib/gcc/arm-none-eabi/14.3.1/thumb/v7e-m+fp/hard\libgcc.a(_arm_cmpdf2.o)
 .ARM.attributes
                0x00000727       0x22 D:/STM32CubeIDE/STM32CubeIDE_2.2.0/STM32CubeIDE/plugins/com.st.stm32cube.ide.mcu.externaltools.gnu-tools-for-stm32.14.3.rel1.win32_1.0.100.202602081740/tools/bin/../lib/gcc/arm-none-eabi/14.3.1/thumb/v7e-m+fp/hard\libgcc.a(_arm_truncdfsf2.o)
 .ARM.attributes
                0x00000749       0x22 D:/STM32CubeIDE/STM32CubeIDE_2.2.0/STM32CubeIDE/plugins/com.st.stm32cube.ide.mcu.externaltools.gnu-tools-for-stm32.14.3.rel1.win32_1.0.100.202602081740/tools/bin/../lib/gcc/arm-none-eabi/14.3.1/thumb/v7e-m+fp/hard/crtn.o
OUTPUT(liquilite.elf elf32-littlearm)
LOAD linker stubs
LOAD D:/STM32CubeIDE/STM32CubeIDE_2.2.0/STM32CubeIDE/plugins/com.st.stm32cube.ide.mcu.externaltools.gnu-tools-for-stm32.14.3.rel1.win32_1.0.100.202602081740/tools/bin/../lib/gcc/arm-none-eabi/14.3.1/../../../../arm-none-eabi/lib/thumb/v7e-m+fp/hard\libc.a
LOAD D:/STM32CubeIDE/STM32CubeIDE_2.2.0/STM32CubeIDE/plugins/com.st.stm32cube.ide.mcu.externaltools.gnu-tools-for-stm32.14.3.rel1.win32_1.0.100.202602081740/tools/bin/../lib/gcc/arm-none-eabi/14.3.1/../../../../arm-none-eabi/lib/thumb/v7e-m+fp/hard\libm.a
LOAD D:/STM32CubeIDE/STM32CubeIDE_2.2.0/STM32CubeIDE/plugins/com.st.stm32cube.ide.mcu.externaltools.gnu-tools-for-stm32.14.3.rel1.win32_1.0.100.202602081740/tools/bin/../lib/gcc/arm-none-eabi/14.3.1/thumb/v7e-m+fp/hard\libgcc.a

.debug_info     0x00000000     0xfc0f
 .debug_info    0x00000000      0x4ab ./Core/Src/led_matrix.o
 .debug_info    0x000004ab     0x3fbb ./Core/Src/main.o
 .debug_info    0x00004466      0xeff ./Core/Src/stm32l4xx_hal_msp.o
 .debug_info    0x00005365      0x6ef ./Core/Src/stm32l4xx_it.o
 .debug_info    0x00005a54      0x17f ./Core/Src/sysmem.o
 .debug_info    0x00005bd3      0x606 ./Core/Src/system_stm32l4xx.o
 .debug_info    0x000061d9       0x30 ./Core/Startup/startup_stm32l412cbtx.o
 .debug_info    0x00006209      0xabe ./Drivers/STM32L4xx_HAL_Driver/Src/stm32l4xx_hal.o
 .debug_info    0x00006cc7      0xfac ./Drivers/STM32L4xx_HAL_Driver/Src/stm32l4xx_hal_cortex.o
 .debug_info    0x00007c73      0x67a ./Drivers/STM32L4xx_HAL_Driver/Src/stm32l4xx_hal_crc.o
 .debug_info    0x000082ed      0x3b6 ./Drivers/STM32L4xx_HAL_Driver/Src/stm32l4xx_hal_crc_ex.o
 .debug_info    0x000086a3      0x85f ./Drivers/STM32L4xx_HAL_Driver/Src/stm32l4xx_hal_dma.o
 .debug_info    0x00008f02      0x7d7 ./Drivers/STM32L4xx_HAL_Driver/Src/stm32l4xx_hal_gpio.o
 .debug_info    0x000096d9      0x9b3 ./Drivers/STM32L4xx_HAL_Driver/Src/stm32l4xx_hal_pwr.o
 .debug_info    0x0000a08c      0xa54 ./Drivers/STM32L4xx_HAL_Driver/Src/stm32l4xx_hal_pwr_ex.o
 .debug_info    0x0000aae0      0xec7 ./Drivers/STM32L4xx_HAL_Driver/Src/stm32l4xx_hal_rcc.o
 .debug_info    0x0000b9a7      0xe56 ./Drivers/STM32L4xx_HAL_Driver/Src/stm32l4xx_hal_rcc_ex.o
 .debug_info    0x0000c7fd      0x61d ./Drivers/STM32L4xx_HAL_Driver/Src/stm32l4xx_hal_rng.o
 .debug_info    0x0000ce1a     0x2df5 ./Drivers/STM32L4xx_HAL_Driver/Src/stm32l4xx_hal_spi.o

.debug_abbrev   0x00000000     0x2e01
 .debug_abbrev  0x00000000      0x103 ./Core/Src/led_matrix.o
 .debug_abbrev  0x00000103      0x65c ./Core/Src/main.o
 .debug_abbrev  0x0000075f      0x23d ./Core/Src/stm32l4xx_hal_msp.o
 .debug_abbrev  0x0000099c      0x299 ./Core/Src/stm32l4xx_it.o
 .debug_abbrev  0x00000c35       0xeb ./Core/Src/sysmem.o
 .debug_abbrev  0x00000d20      0x131 ./Core/Src/system_stm32l4xx.o
 .debug_abbrev  0x00000e51       0x24 ./Core/Startup/startup_stm32l412cbtx.o
 .debug_abbrev  0x00000e75      0x30a ./Drivers/STM32L4xx_HAL_Driver/Src/stm32l4xx_hal.o
 .debug_abbrev  0x0000117f      0x396 ./Drivers/STM32L4xx_HAL_Driver/Src/stm32l4xx_hal_cortex.o
 .debug_abbrev  0x00001515      0x27a ./Drivers/STM32L4xx_HAL_Driver/Src/stm32l4xx_hal_crc.o
 .debug_abbrev  0x0000178f      0x162 ./Drivers/STM32L4xx_HAL_Driver/Src/stm32l4xx_hal_crc_ex.o
 .debug_abbrev  0x000018f1      0x248 ./Drivers/STM32L4xx_HAL_Driver/Src/stm32l4xx_hal_dma.o
 .debug_abbrev  0x00001b39      0x224 ./Drivers/STM32L4xx_HAL_Driver/Src/stm32l4xx_hal_gpio.o
 .debug_abbrev  0x00001d5d      0x1f7 ./Drivers/STM32L4xx_HAL_Driver/Src/stm32l4xx_hal_pwr.o
 .debug_abbrev  0x00001f54      0x2a7 ./Drivers/STM32L4xx_HAL_Driver/Src/stm32l4xx_hal_pwr_ex.o
 .debug_abbrev  0x000021fb      0x2dd ./Drivers/STM32L4xx_HAL_Driver/Src/stm32l4xx_hal_rcc.o
 .debug_abbrev  0x000024d8      0x2e3 ./Drivers/STM32L4xx_HAL_Driver/Src/stm32l4xx_hal_rcc_ex.o
 .debug_abbrev  0x000027bb      0x2a5 ./Drivers/STM32L4xx_HAL_Driver/Src/stm32l4xx_hal_rng.o
 .debug_abbrev  0x00002a60      0x3a1 ./Drivers/STM32L4xx_HAL_Driver/Src/stm32l4xx_hal_spi.o

.debug_aranges  0x00000000      0xa38
 .debug_aranges
                0x00000000       0x18 ./Core/Src/led_matrix.o
 .debug_aranges
                0x00000018       0x58 ./Core/Src/main.o
 .debug_aranges
                0x00000070       0x50 ./Core/Src/stm32l4xx_hal_msp.o
 .debug_aranges
                0x000000c0       0x68 ./Core/Src/stm32l4xx_it.o
 .debug_aranges
                0x00000128       0x20 ./Core/Src/sysmem.o
 .debug_aranges
                0x00000148       0x28 ./Core/Src/system_stm32l4xx.o
 .debug_aranges
                0x00000170       0x28 ./Core/Startup/startup_stm32l412cbtx.o
 .debug_aranges
                0x00000198      0x108 ./Drivers/STM32L4xx_HAL_Driver/Src/stm32l4xx_hal.o
 .debug_aranges
                0x000002a0       0xb8 ./Drivers/STM32L4xx_HAL_Driver/Src/stm32l4xx_hal_cortex.o
 .debug_aranges
                0x00000358       0x58 ./Drivers/STM32L4xx_HAL_Driver/Src/stm32l4xx_hal_crc.o
 .debug_aranges
                0x000003b0       0x30 ./Drivers/STM32L4xx_HAL_Driver/Src/stm32l4xx_hal_crc_ex.o
 .debug_aranges
                0x000003e0       0x78 ./Drivers/STM32L4xx_HAL_Driver/Src/stm32l4xx_hal_dma.o
 .debug_aranges
                0x00000458       0x58 ./Drivers/STM32L4xx_HAL_Driver/Src/stm32l4xx_hal_gpio.o
 .debug_aranges
                0x000004b0       0x98 ./Drivers/STM32L4xx_HAL_Driver/Src/stm32l4xx_hal_pwr.o
 .debug_aranges
                0x00000548      0x148 ./Drivers/STM32L4xx_HAL_Driver/Src/stm32l4xx_hal_pwr_ex.o
 .debug_aranges
                0x00000690       0x90 ./Drivers/STM32L4xx_HAL_Driver/Src/stm32l4xx_hal_rcc.o
 .debug_aranges
                0x00000720       0xd0 ./Drivers/STM32L4xx_HAL_Driver/Src/stm32l4xx_hal_rcc_ex.o
 .debug_aranges
                0x000007f0       0x88 ./Drivers/STM32L4xx_HAL_Driver/Src/stm32l4xx_hal_rng.o
 .debug_aranges
                0x00000878      0x1c0 ./Drivers/STM32L4xx_HAL_Driver/Src/stm32l4xx_hal_spi.o

.debug_macro    0x00000000    0x19e7b
 .debug_macro   0x00000000      0x3ea ./Core/Src/led_matrix.o
 .debug_macro   0x000003ea      0x1ad ./Core/Src/led_matrix.o
 .debug_macro   0x00000597       0x2e ./Core/Src/led_matrix.o
 .debug_macro   0x000005c5       0x28 ./Core/Src/led_matrix.o
 .debug_macro   0x000005ed       0x1c ./Core/Src/led_matrix.o
 .debug_macro   0x00000609       0x22 ./Core/Src/led_matrix.o
 .debug_macro   0x0000062b       0xfb ./Core/Src/led_matrix.o
 .debug_macro   0x00000726     0x1011 ./Core/Src/led_matrix.o
 .debug_macro   0x00001737      0x11f ./Core/Src/led_matrix.o
 .debug_macro   0x00001856     0xe4b1 ./Core/Src/led_matrix.o
 .debug_macro   0x0000fd07       0x6d ./Core/Src/led_matrix.o
 .debug_macro   0x0000fd74     0x38f4 ./Core/Src/led_matrix.o
 .debug_macro   0x00013668       0x5c ./Core/Src/led_matrix.o
 .debug_macro   0x000136c4     0x105e ./Core/Src/led_matrix.o
 .debug_macro   0x00014722      0x49b ./Core/Src/led_matrix.o
 .debug_macro   0x00014bbd      0x1b9 ./Core/Src/led_matrix.o
 .debug_macro   0x00014d76       0xd7 ./Core/Src/led_matrix.o
 .debug_macro   0x00014e4d      0x2c4 ./Core/Src/led_matrix.o
 .debug_macro   0x00015111      0x27a ./Core/Src/led_matrix.o
 .debug_macro   0x0001538b      0x23d ./Core/Src/led_matrix.o
 .debug_macro   0x000155c8       0xc7 ./Core/Src/led_matrix.o
 .debug_macro   0x0001568f       0x4c ./Core/Src/led_matrix.o
 .debug_macro   0x000156db      0x21c ./Core/Src/led_matrix.o
 .debug_macro   0x000158f7      0x375 ./Core/Src/led_matrix.o
 .debug_macro   0x00015c6c       0xd6 ./Core/Src/led_matrix.o
 .debug_macro   0x00015d42      0x122 ./Core/Src/led_matrix.o
 .debug_macro   0x00015e64      0x364 ./Core/Src/led_matrix.o
 .debug_macro   0x000161c8       0xa4 ./Core/Src/led_matrix.o
 .debug_macro   0x0001626c      0x2fe ./Core/Src/led_matrix.o
 .debug_macro   0x0001656a      0x220 ./Core/Src/led_matrix.o
 .debug_macro   0x0001678a       0x61 ./Core/Src/led_matrix.o
 .debug_macro   0x000167eb       0x2a ./Core/Src/led_matrix.o
 .debug_macro   0x00016815       0x43 ./Core/Src/led_matrix.o
 .debug_macro   0x00016858       0x34 ./Core/Src/led_matrix.o
 .debug_macro   0x0001688c      0x364 ./Core/Src/led_matrix.o
 .debug_macro   0x00016bf0       0x16 ./Core/Src/led_matrix.o
 .debug_macro   0x00016c06       0x4a ./Core/Src/led_matrix.o
 .debug_macro   0x00016c50       0x34 ./Core/Src/led_matrix.o
 .debug_macro   0x00016c84       0x10 ./Core/Src/led_matrix.o
 .debug_macro   0x00016c94       0x58 ./Core/Src/led_matrix.o
 .debug_macro   0x00016cec       0x8e ./Core/Src/led_matrix.o
 .debug_macro   0x00016d7a       0x1c ./Core/Src/led_matrix.o
 .debug_macro   0x00016d96      0x17e ./Core/Src/led_matrix.o
 .debug_macro   0x00016f14       0x10 ./Core/Src/led_matrix.o
 .debug_macro   0x00016f24       0x3c ./Core/Src/led_matrix.o
 .debug_macro   0x00016f60       0x20 ./Core/Src/led_matrix.o
 .debug_macro   0x00016f80       0x16 ./Core/Src/led_matrix.o
 .debug_macro   0x00016f96       0x16 ./Core/Src/led_matrix.o
 .debug_macro   0x00016fac       0x29 ./Core/Src/led_matrix.o
 .debug_macro   0x00016fd5       0x16 ./Core/Src/led_matrix.o
 .debug_macro   0x00016feb       0x10 ./Core/Src/led_matrix.o
 .debug_macro   0x00016ffb       0x10 ./Core/Src/led_matrix.o
 .debug_macro   0x0001700b       0x10 ./Core/Src/led_matrix.o
 .debug_macro   0x0001701b       0x1c ./Core/Src/led_matrix.o
 .debug_macro   0x00017037       0x52 ./Core/Src/led_matrix.o
 .debug_macro   0x00017089       0x22 ./Core/Src/led_matrix.o
 .debug_macro   0x000170ab       0x10 ./Core/Src/led_matrix.o
 .debug_macro   0x000170bb       0x52 ./Core/Src/led_matrix.o
 .debug_macro   0x0001710d       0xcf ./Core/Src/led_matrix.o
 .debug_macro   0x000171dc       0x1c ./Core/Src/led_matrix.o
 .debug_macro   0x000171f8       0x3d ./Core/Src/led_matrix.o
 .debug_macro   0x00017235       0x35 ./Core/Src/led_matrix.o
 .debug_macro   0x0001726a      0x201 ./Core/Src/led_matrix.o
 .debug_macro   0x0001746b       0x1c ./Core/Src/led_matrix.o
 .debug_macro   0x00017487       0x10 ./Core/Src/led_matrix.o
 .debug_macro   0x00017497       0x10 ./Core/Src/led_matrix.o
 .debug_macro   0x000174a7       0x16 ./Core/Src/led_matrix.o
 .debug_macro   0x000174bd      0x146 ./Core/Src/led_matrix.o
 .debug_macro   0x00017603      0x186 ./Core/Src/led_matrix.o
 .debug_macro   0x00017789       0x9a ./Core/Src/led_matrix.o
 .debug_macro   0x00017823      0x406 ./Core/Src/main.o
 .debug_macro   0x00017c29      0x1e3 ./Core/Src/stm32l4xx_hal_msp.o
 .debug_macro   0x00017e0c      0x3fe ./Core/Src/stm32l4xx_it.o
 .debug_macro   0x0001820a      0x112 ./Core/Src/sysmem.o
 .debug_macro   0x0001831c      0x23c ./Core/Src/sysmem.o
 .debug_macro   0x00018558      0x1d9 ./Core/Src/system_stm32l4xx.o
 .debug_macro   0x00018731      0x221 ./Drivers/STM32L4xx_HAL_Driver/Src/stm32l4xx_hal.o
 .debug_macro   0x00018952      0x1d9 ./Drivers/STM32L4xx_HAL_Driver/Src/stm32l4xx_hal_cortex.o
 .debug_macro   0x00018b2b      0x1d9 ./Drivers/STM32L4xx_HAL_Driver/Src/stm32l4xx_hal_crc.o
 .debug_macro   0x00018d04      0x1d9 ./Drivers/STM32L4xx_HAL_Driver/Src/stm32l4xx_hal_crc_ex.o
 .debug_macro   0x00018edd      0x1d9 ./Drivers/STM32L4xx_HAL_Driver/Src/stm32l4xx_hal_dma.o
 .debug_macro   0x000190b6      0x1e0 ./Drivers/STM32L4xx_HAL_Driver/Src/stm32l4xx_hal_gpio.o
 .debug_macro   0x00019296      0x1f1 ./Drivers/STM32L4xx_HAL_Driver/Src/stm32l4xx_hal_pwr.o
 .debug_macro   0x00019487      0x1fd ./Drivers/STM32L4xx_HAL_Driver/Src/stm32l4xx_hal_pwr_ex.o
 .debug_macro   0x00019684      0x21b ./Drivers/STM32L4xx_HAL_Driver/Src/stm32l4xx_hal_rcc.o
 .debug_macro   0x0001989f      0x20f ./Drivers/STM32L4xx_HAL_Driver/Src/stm32l4xx_hal_rcc_ex.o
 .debug_macro   0x00019aae      0x1ec ./Drivers/STM32L4xx_HAL_Driver/Src/stm32l4xx_hal_rng.o
 .debug_macro   0x00019c9a      0x1e1 ./Drivers/STM32L4xx_HAL_Driver/Src/stm32l4xx_hal_spi.o

.debug_line     0x00000000    0x14a3d
 .debug_line    0x00000000      0xabb ./Core/Src/led_matrix.o
 .debug_line    0x00000abb     0x2e41 ./Core/Src/main.o
 .debug_line    0x000038fc      0xa21 ./Core/Src/stm32l4xx_hal_msp.o
 .debug_line    0x0000431d      0xc84 ./Core/Src/stm32l4xx_it.o
 .debug_line    0x00004fa1      0x5bc ./Core/Src/sysmem.o
 .debug_line    0x0000555d      0x90c ./Core/Src/system_stm32l4xx.o
 .debug_line    0x00005e69       0x7a ./Core/Startup/startup_stm32l412cbtx.o
 .debug_line    0x00005ee3      0xc78 ./Drivers/STM32L4xx_HAL_Driver/Src/stm32l4xx_hal.o
 .debug_line    0x00006b5b      0xe8f ./Drivers/STM32L4xx_HAL_Driver/Src/stm32l4xx_hal_cortex.o
 .debug_line    0x000079ea      0xca1 ./Drivers/STM32L4xx_HAL_Driver/Src/stm32l4xx_hal_crc.o
 .debug_line    0x0000868b      0x92b ./Drivers/STM32L4xx_HAL_Driver/Src/stm32l4xx_hal_crc_ex.o
 .debug_line    0x00008fb6     0x11eb ./Drivers/STM32L4xx_HAL_Driver/Src/stm32l4xx_hal_dma.o
 .debug_line    0x0000a1a1     0x10a4 ./Drivers/STM32L4xx_HAL_Driver/Src/stm32l4xx_hal_gpio.o
 .debug_line    0x0000b245      0xa53 ./Drivers/STM32L4xx_HAL_Driver/Src/stm32l4xx_hal_pwr.o
 .debug_line    0x0000bc98      0xfc2 ./Drivers/STM32L4xx_HAL_Driver/Src/stm32l4xx_hal_pwr_ex.o
 .debug_line    0x0000cc5a     0x17a2 ./Drivers/STM32L4xx_HAL_Driver/Src/stm32l4xx_hal_rcc.o
 .debug_line    0x0000e3fc     0x1445 ./Drivers/STM32L4xx_HAL_Driver/Src/stm32l4xx_hal_rcc_ex.o
 .debug_line    0x0000f841      0xde7 ./Drivers/STM32L4xx_HAL_Driver/Src/stm32l4xx_hal_rng.o
 .debug_line    0x00010628     0x4415 ./Drivers/STM32L4xx_HAL_Driver/Src/stm32l4xx_hal_spi.o

.debug_str      0x00000000    0xa1051
 .debug_str     0x00000000    0xa1051 ./Core/Src/led_matrix.o
                              0x9d625 (size before relaxing)
 .debug_str     0x000a1051    0x9e887 ./Core/Src/main.o
 .debug_str     0x000a1051    0x98bce ./Core/Src/stm32l4xx_hal_msp.o
 .debug_str     0x000a1051    0x9d8d2 ./Core/Src/stm32l4xx_it.o
 .debug_str     0x000a1051     0x778f ./Core/Src/sysmem.o
 .debug_str     0x000a1051    0x98408 ./Core/Src/system_stm32l4xx.o
 .debug_str     0x000a1051       0x75 ./Core/Startup/startup_stm32l412cbtx.o
 .debug_str     0x000a1051    0x98d77 ./Drivers/STM32L4xx_HAL_Driver/Src/stm32l4xx_hal.o
 .debug_str     0x000a1051    0x98b37 ./Drivers/STM32L4xx_HAL_Driver/Src/stm32l4xx_hal_cortex.o
 .debug_str     0x000a1051    0x984c4 ./Drivers/STM32L4xx_HAL_Driver/Src/stm32l4xx_hal_crc.o
 .debug_str     0x000a1051    0x9847e ./Drivers/STM32L4xx_HAL_Driver/Src/stm32l4xx_hal_crc_ex.o
 .debug_str     0x000a1051    0x98683 ./Drivers/STM32L4xx_HAL_Driver/Src/stm32l4xx_hal_dma.o
 .debug_str     0x000a1051    0x9858e ./Drivers/STM32L4xx_HAL_Driver/Src/stm32l4xx_hal_gpio.o
 .debug_str     0x000a1051    0x98752 ./Drivers/STM32L4xx_HAL_Driver/Src/stm32l4xx_hal_pwr.o
 .debug_str     0x000a1051    0x98924 ./Drivers/STM32L4xx_HAL_Driver/Src/stm32l4xx_hal_pwr_ex.o
 .debug_str     0x000a1051    0x98a14 ./Drivers/STM32L4xx_HAL_Driver/Src/stm32l4xx_hal_rcc.o
 .debug_str     0x000a1051    0x98b6d ./Drivers/STM32L4xx_HAL_Driver/Src/stm32l4xx_hal_rcc_ex.o
 .debug_str     0x000a1051    0x984e3 ./Drivers/STM32L4xx_HAL_Driver/Src/stm32l4xx_hal_rng.o
 .debug_str     0x000a1051    0x98c22 ./Drivers/STM32L4xx_HAL_Driver/Src/stm32l4xx_hal_spi.o

.comment        0x00000000       0x43
 .comment       0x00000000       0x43 ./Core/Src/led_matrix.o
                                 0x44 (size before relaxing)
 .comment       0x00000043       0x44 ./Core/Src/main.o
 .comment       0x00000043       0x44 ./Core/Src/stm32l4xx_hal_msp.o
 .comment       0x00000043       0x44 ./Core/Src/stm32l4xx_it.o
 .comment       0x00000043       0x44 ./Core/Src/sysmem.o
 .comment       0x00000043       0x44 ./Core/Src/system_stm32l4xx.o
 .comment       0x00000043       0x44 ./Drivers/STM32L4xx_HAL_Driver/Src/stm32l4xx_hal.o
 .comment       0x00000043       0x44 ./Drivers/STM32L4xx_HAL_Driver/Src/stm32l4xx_hal_cortex.o
 .comment       0x00000043       0x44 ./Drivers/STM32L4xx_HAL_Driver/Src/stm32l4xx_hal_crc.o
 .comment       0x00000043       0x44 ./Drivers/STM32L4xx_HAL_Driver/Src/stm32l4xx_hal_crc_ex.o
 .comment       0x00000043       0x44 ./Drivers/STM32L4xx_HAL_Driver/Src/stm32l4xx_hal_dma.o
 .comment       0x00000043       0x44 ./Drivers/STM32L4xx_HAL_Driver/Src/stm32l4xx_hal_gpio.o
 .comment       0x00000043       0x44 ./Drivers/STM32L4xx_HAL_Driver/Src/stm32l4xx_hal_pwr.o
 .comment       0x00000043       0x44 ./Drivers/STM32L4xx_HAL_Driver/Src/stm32l4xx_hal_pwr_ex.o
 .comment       0x00000043       0x44 ./Drivers/STM32L4xx_HAL_Driver/Src/stm32l4xx_hal_rcc.o
 .comment       0x00000043       0x44 ./Drivers/STM32L4xx_HAL_Driver/Src/stm32l4xx_hal_rcc_ex.o
 .comment       0x00000043       0x44 ./Drivers/STM32L4xx_HAL_Driver/Src/stm32l4xx_hal_rng.o
 .comment       0x00000043       0x44 ./Drivers/STM32L4xx_HAL_Driver/Src/stm32l4xx_hal_spi.o

.debug_loclists
                0x00000000     0x854e
 .debug_loclists
                0x00000000     0x2bec ./Core/Src/main.o
 .debug_loclists
                0x00002bec       0x59 ./Core/Src/stm32l4xx_hal_msp.o
 .debug_loclists
                0x00002c45       0x2e ./Core/Src/stm32l4xx_it.o
 .debug_loclists
                0x00002c73       0x5a ./Core/Src/sysmem.o
 .debug_loclists
                0x00002ccd       0xe6 ./Core/Src/system_stm32l4xx.o
 .debug_loclists
                0x00002db3      0x147 ./Drivers/STM32L4xx_HAL_Driver/Src/stm32l4xx_hal.o
 .debug_loclists
                0x00002efa      0x5e3 ./Drivers/STM32L4xx_HAL_Driver/Src/stm32l4xx_hal_cortex.o
 .debug_loclists
                0x000034dd      0x38b ./Drivers/STM32L4xx_HAL_Driver/Src/stm32l4xx_hal_crc.o
 .debug_loclists
                0x00003868      0x122 ./Drivers/STM32L4xx_HAL_Driver/Src/stm32l4xx_hal_crc_ex.o
 .debug_loclists
                0x0000398a      0x525 ./Drivers/STM32L4xx_HAL_Driver/Src/stm32l4xx_hal_dma.o
 .debug_loclists
                0x00003eaf      0x4ea ./Drivers/STM32L4xx_HAL_Driver/Src/stm32l4xx_hal_gpio.o
 .debug_loclists
                0x00004399      0x130 ./Drivers/STM32L4xx_HAL_Driver/Src/stm32l4xx_hal_pwr.o
 .debug_loclists
                0x000044c9      0x50e ./Drivers/STM32L4xx_HAL_Driver/Src/stm32l4xx_hal_pwr_ex.o
 .debug_loclists
                0x000049d7      0x660 ./Drivers/STM32L4xx_HAL_Driver/Src/stm32l4xx_hal_rcc.o
 .debug_loclists
                0x00005037      0x6d8 ./Drivers/STM32L4xx_HAL_Driver/Src/stm32l4xx_hal_rcc_ex.o
 .debug_loclists
                0x0000570f      0x371 ./Drivers/STM32L4xx_HAL_Driver/Src/stm32l4xx_hal_rng.o
 .debug_loclists
                0x00005a80     0x2ace ./Drivers/STM32L4xx_HAL_Driver/Src/stm32l4xx_hal_spi.o

.debug_rnglists
                0x00000000     0x149f
 .debug_rnglists
                0x00000000      0x82a ./Core/Src/main.o
 .debug_rnglists
                0x0000082a       0x5c ./Core/Src/stm32l4xx_hal_msp.o
 .debug_rnglists
                0x00000886       0x5c ./Core/Src/stm32l4xx_it.o
 .debug_rnglists
                0x000008e2       0x13 ./Core/Src/sysmem.o
 .debug_rnglists
                0x000008f5       0x1a ./Core/Src/system_stm32l4xx.o
 .debug_rnglists
                0x0000090f       0x19 ./Core/Startup/startup_stm32l412cbtx.o
 .debug_rnglists
                0x00000928       0xc1 ./Drivers/STM32L4xx_HAL_Driver/Src/stm32l4xx_hal.o
 .debug_rnglists
                0x000009e9      0x118 ./Drivers/STM32L4xx_HAL_Driver/Src/stm32l4xx_hal_cortex.o
 .debug_rnglists
                0x00000b01       0x58 ./Drivers/STM32L4xx_HAL_Driver/Src/stm32l4xx_hal_crc.o
 .debug_rnglists
                0x00000b59       0x1f ./Drivers/STM32L4xx_HAL_Driver/Src/stm32l4xx_hal_crc_ex.o
 .debug_rnglists
                0x00000b78       0x7e ./Drivers/STM32L4xx_HAL_Driver/Src/stm32l4xx_hal_dma.o
 .debug_rnglists
                0x00000bf6       0x55 ./Drivers/STM32L4xx_HAL_Driver/Src/stm32l4xx_hal_gpio.o
 .debug_rnglists
                0x00000c4b       0x6e ./Drivers/STM32L4xx_HAL_Driver/Src/stm32l4xx_hal_pwr.o
 .debug_rnglists
                0x00000cb9       0xf7 ./Drivers/STM32L4xx_HAL_Driver/Src/stm32l4xx_hal_pwr_ex.o
 .debug_rnglists
                0x00000db0       0xd2 ./Drivers/STM32L4xx_HAL_Driver/Src/stm32l4xx_hal_rcc.o
 .debug_rnglists
                0x00000e82       0xdf ./Drivers/STM32L4xx_HAL_Driver/Src/stm32l4xx_hal_rcc_ex.o
 .debug_rnglists
                0x00000f61       0x70 ./Drivers/STM32L4xx_HAL_Driver/Src/stm32l4xx_hal_rng.o
 .debug_rnglists
                0x00000fd1      0x4ce ./Drivers/STM32L4xx_HAL_Driver/Src/stm32l4xx_hal_spi.o

.debug_frame    0x00000000     0x1ef8
 .debug_frame   0x00000000      0x128 ./Core/Src/main.o
 .debug_frame   0x00000128       0xd0 ./Core/Src/stm32l4xx_hal_msp.o
 .debug_frame   0x000001f8       0xc4 ./Core/Src/stm32l4xx_it.o
 .debug_frame   0x000002bc       0x28 ./Core/Src/sysmem.o
 .debug_frame   0x000002e4       0x30 ./Core/Src/system_stm32l4xx.o
 .debug_frame   0x00000314      0x22c ./Drivers/STM32L4xx_HAL_Driver/Src/stm32l4xx_hal.o
 .debug_frame   0x00000540      0x170 ./Drivers/STM32L4xx_HAL_Driver/Src/stm32l4xx_hal_cortex.o
 .debug_frame   0x000006b0       0xd4 ./Drivers/STM32L4xx_HAL_Driver/Src/stm32l4xx_hal_crc.o
 .debug_frame   0x00000784       0x50 ./Drivers/STM32L4xx_HAL_Driver/Src/stm32l4xx_hal_crc_ex.o
 .debug_frame   0x000007d4      0x16c ./Drivers/STM32L4xx_HAL_Driver/Src/stm32l4xx_hal_dma.o
 .debug_frame   0x00000940       0xfc ./Drivers/STM32L4xx_HAL_Driver/Src/stm32l4xx_hal_gpio.o
 .debug_frame   0x00000a3c      0x120 ./Drivers/STM32L4xx_HAL_Driver/Src/stm32l4xx_hal_pwr.o
 .debug_frame   0x00000b5c      0x278 ./Drivers/STM32L4xx_HAL_Driver/Src/stm32l4xx_hal_pwr_ex.o
 .debug_frame   0x00000dd4      0x1b4 ./Drivers/STM32L4xx_HAL_Driver/Src/stm32l4xx_hal_rcc.o
 .debug_frame   0x00000f88      0x208 ./Drivers/STM32L4xx_HAL_Driver/Src/stm32l4xx_hal_rcc_ex.o
 .debug_frame   0x00001190      0x134 ./Drivers/STM32L4xx_HAL_Driver/Src/stm32l4xx_hal_rng.o
 .debug_frame   0x000012c4      0x698 ./Drivers/STM32L4xx_HAL_Driver/Src/stm32l4xx_hal_spi.o
 .debug_frame   0x0000195c       0x20 D:/STM32CubeIDE/STM32CubeIDE_2.2.0/STM32CubeIDE/plugins/com.st.stm32cube.ide.mcu.externaltools.gnu-tools-for-stm32.14.3.rel1.win32_1.0.100.202602081740/tools/bin/../lib/gcc/arm-none-eabi/14.3.1/../../../../arm-none-eabi/lib/thumb/v7e-m+fp/hard\libc_nano.a(libc_a-calloc.o)
 .debug_frame   0x0000197c       0x2c D:/STM32CubeIDE/STM32CubeIDE_2.2.0/STM32CubeIDE/plugins/com.st.stm32cube.ide.mcu.externaltools.gnu-tools-for-stm32.14.3.rel1.win32_1.0.100.202602081740/tools/bin/../lib/gcc/arm-none-eabi/14.3.1/../../../../arm-none-eabi/lib/thumb/v7e-m+fp/hard\libc_nano.a(libc_a-callocr.o)
 .debug_frame   0x000019a8       0x50 D:/STM32CubeIDE/STM32CubeIDE_2.2.0/STM32CubeIDE/plugins/com.st.stm32cube.ide.mcu.externaltools.gnu-tools-for-stm32.14.3.rel1.win32_1.0.100.202602081740/tools/bin/../lib/gcc/arm-none-eabi/14.3.1/../../../../arm-none-eabi/lib/thumb/v7e-m+fp/hard\libc_nano.a(libc_a-mallocr.o)
 .debug_frame   0x000019f8       0x30 D:/STM32CubeIDE/STM32CubeIDE_2.2.0/STM32CubeIDE/plugins/com.st.stm32cube.ide.mcu.externaltools.gnu-tools-for-stm32.14.3.rel1.win32_1.0.100.202602081740/tools/bin/../lib/gcc/arm-none-eabi/14.3.1/../../../../arm-none-eabi/lib/thumb/v7e-m+fp/hard\libc_nano.a(libc_a-mlock.o)
 .debug_frame   0x00001a28      0x144 D:/STM32CubeIDE/STM32CubeIDE_2.2.0/STM32CubeIDE/plugins/com.st.stm32cube.ide.mcu.externaltools.gnu-tools-for-stm32.14.3.rel1.win32_1.0.100.202602081740/tools/bin/../lib/gcc/arm-none-eabi/14.3.1/../../../../arm-none-eabi/lib/thumb/v7e-m+fp/hard\libc_nano.a(libc_a-findfp.o)
 .debug_frame   0x00001b6c       0x20 D:/STM32CubeIDE/STM32CubeIDE_2.2.0/STM32CubeIDE/plugins/com.st.stm32cube.ide.mcu.externaltools.gnu-tools-for-stm32.14.3.rel1.win32_1.0.100.202602081740/tools/bin/../lib/gcc/arm-none-eabi/14.3.1/../../../../arm-none-eabi/lib/thumb/v7e-m+fp/hard\libc_nano.a(libc_a-memset.o)
 .debug_frame   0x00001b8c       0x38 D:/STM32CubeIDE/STM32CubeIDE_2.2.0/STM32CubeIDE/plugins/com.st.stm32cube.ide.mcu.externaltools.gnu-tools-for-stm32.14.3.rel1.win32_1.0.100.202602081740/tools/bin/../lib/gcc/arm-none-eabi/14.3.1/../../../../arm-none-eabi/lib/thumb/v7e-m+fp/hard\libc_nano.a(libc_a-reent.o)
 .debug_frame   0x00001bc4       0x2c D:/STM32CubeIDE/STM32CubeIDE_2.2.0/STM32CubeIDE/plugins/com.st.stm32cube.ide.mcu.externaltools.gnu-tools-for-stm32.14.3.rel1.win32_1.0.100.202602081740/tools/bin/../lib/gcc/arm-none-eabi/14.3.1/../../../../arm-none-eabi/lib/thumb/v7e-m+fp/hard\libc_nano.a(libc_a-sbrkr.o)
 .debug_frame   0x00001bf0       0x20 D:/STM32CubeIDE/STM32CubeIDE_2.2.0/STM32CubeIDE/plugins/com.st.stm32cube.ide.mcu.externaltools.gnu-tools-for-stm32.14.3.rel1.win32_1.0.100.202602081740/tools/bin/../lib/gcc/arm-none-eabi/14.3.1/../../../../arm-none-eabi/lib/thumb/v7e-m+fp/hard\libc_nano.a(libc_a-errno.o)
 .debug_frame   0x00001c10       0x2c D:/STM32CubeIDE/STM32CubeIDE_2.2.0/STM32CubeIDE/plugins/com.st.stm32cube.ide.mcu.externaltools.gnu-tools-for-stm32.14.3.rel1.win32_1.0.100.202602081740/tools/bin/../lib/gcc/arm-none-eabi/14.3.1/../../../../arm-none-eabi/lib/thumb/v7e-m+fp/hard\libc_nano.a(libc_a-init.o)
 .debug_frame   0x00001c3c       0xb0 D:/STM32CubeIDE/STM32CubeIDE_2.2.0/STM32CubeIDE/plugins/com.st.stm32cube.ide.mcu.externaltools.gnu-tools-for-stm32.14.3.rel1.win32_1.0.100.202602081740/tools/bin/../lib/gcc/arm-none-eabi/14.3.1/../../../../arm-none-eabi/lib/thumb/v7e-m+fp/hard\libc_nano.a(libc_a-lock.o)
 .debug_frame   0x00001cec       0x28 D:/STM32CubeIDE/STM32CubeIDE_2.2.0/STM32CubeIDE/plugins/com.st.stm32cube.ide.mcu.externaltools.gnu-tools-for-stm32.14.3.rel1.win32_1.0.100.202602081740/tools/bin/../lib/gcc/arm-none-eabi/14.3.1/../../../../arm-none-eabi/lib/thumb/v7e-m+fp/hard\libc_nano.a(libc_a-memcpy-stub.o)
 .debug_frame   0x00001d14       0x30 D:/STM32CubeIDE/STM32CubeIDE_2.2.0/STM32CubeIDE/plugins/com.st.stm32cube.ide.mcu.externaltools.gnu-tools-for-stm32.14.3.rel1.win32_1.0.100.202602081740/tools/bin/../lib/gcc/arm-none-eabi/14.3.1/../../../../arm-none-eabi/lib/thumb/v7e-m+fp/hard\libm.a(libm_a-s_floor.o)
 .debug_frame   0x00001d44       0x20 D:/STM32CubeIDE/STM32CubeIDE_2.2.0/STM32CubeIDE/plugins/com.st.stm32cube.ide.mcu.externaltools.gnu-tools-for-stm32.14.3.rel1.win32_1.0.100.202602081740/tools/bin/../lib/gcc/arm-none-eabi/14.3.1/../../../../arm-none-eabi/lib/thumb/v7e-m+fp/hard\libm.a(libm_a-sf_floor.o)
 .debug_frame   0x00001d64       0xac D:/STM32CubeIDE/STM32CubeIDE_2.2.0/STM32CubeIDE/plugins/com.st.stm32cube.ide.mcu.externaltools.gnu-tools-for-stm32.14.3.rel1.win32_1.0.100.202602081740/tools/bin/../lib/gcc/arm-none-eabi/14.3.1/thumb/v7e-m+fp/hard\libgcc.a(_arm_addsubdf3.o)
 .debug_frame   0x00001e10       0xc4 D:/STM32CubeIDE/STM32CubeIDE_2.2.0/STM32CubeIDE/plugins/com.st.stm32cube.ide.mcu.externaltools.gnu-tools-for-stm32.14.3.rel1.win32_1.0.100.202602081740/tools/bin/../lib/gcc/arm-none-eabi/14.3.1/thumb/v7e-m+fp/hard\libgcc.a(_arm_cmpdf2.o)
 .debug_frame   0x00001ed4       0x24 D:/STM32CubeIDE/STM32CubeIDE_2.2.0/STM32CubeIDE/plugins/com.st.stm32cube.ide.mcu.externaltools.gnu-tools-for-stm32.14.3.rel1.win32_1.0.100.202602081740/tools/bin/../lib/gcc/arm-none-eabi/14.3.1/thumb/v7e-m+fp/hard\libgcc.a(_arm_truncdfsf2.o)

.debug_line_str
                0x00000000       0x59
 .debug_line_str
                0x00000000       0x59 ./Core/Startup/startup_stm32l412cbtx.o
