../Core/Src/bma400.c:3302:13:unpack_accel	12	static
../Core/Src/bma400.c:1577:15:get_sensor_conf.isra	168	static
../Core/Src/bma400.c:1507:15:set_sensor_conf	168	static
../Core/Src/bma400.c:622:8:bma400_init	144	static
../Core/Src/bma400.c:675:8:bma400_set_regs	32	static
../Core/Src/bma400.c:727:8:bma400_get_regs	152	static
../Core/Src/bma400.c:772:8:bma400_soft_reset	152	static
../Core/Src/bma400.c:796:8:bma400_set_power_mode	152	static
../Core/Src/bma400.c:830:8:bma400_get_power_mode	152	static
../Core/Src/bma400.c:852:8:bma400_get_accel_data	168	static
../Core/Src/bma400.c:873:8:bma400_set_sensor_conf	160	static
../Core/Src/bma400.c:909:8:bma400_get_sensor_conf	152	static
../Core/Src/bma400.c:936:8:bma400_set_device_conf	168	static
../Core/Src/bma400.c:1007:8:bma400_get_device_conf	168	static
../Core/Src/bma400.c:1069:8:bma400_get_interrupt_status	152	static
../Core/Src/bma400.c:1095:8:bma400_set_step_counter_param	24	static
../Core/Src/bma400.c:1116:8:bma400_get_steps_counted	160	static
../Core/Src/bma400.c:1148:8:bma400_get_temperature_data	152	static
../Core/Src/bma400.c:1172:8:bma400_get_interrupts_enabled	160	static
../Core/Src/bma400.c:1252:8:bma400_enable_interrupt	160	static
../Core/Src/bma400.c:1331:8:bma400_get_fifo_data	160	static
../Core/Src/bma400.c:1394:8:bma400_extract_accel	48	static
../Core/Src/bma400.c:1418:8:bma400_set_fifo_flush	24	static
../Core/Src/bma400.c:1436:8:bma400_perform_self_test	176	static
